Component: ARM Compiler 6.14 Tool: armlink [5db06800]

==============================================================================

Section Cross References

    main.o(.text) refers (Special) to _printf_d.o(.ARM.Collect$$_printf_percent$$00000009) for _printf_d
    main.o(.text) refers (Special) to _printf_dec.o(.text) for _printf_int_dec
    main.o(.text) refers (Special) to _printf_percent.o(.ARM.Collect$$_printf_percent$$00000000) for _printf_percent
    main.o(.text.GPIO_InitConfig) refers (Special) to _printf_d.o(.ARM.Collect$$_printf_percent$$00000009) for _printf_d
    main.o(.text.GPIO_InitConfig) refers (Special) to _printf_dec.o(.text) for _printf_int_dec
    main.o(.text.GPIO_InitConfig) refers (Special) to _printf_percent.o(.ARM.Collect$$_printf_percent$$00000000) for _printf_percent
    main.o(.text.GPIO_InitConfig) refers to stm32f10x_rcc.o(.text.RCC_APB2PeriphClockCmd) for RCC_APB2PeriphClockCmd
    main.o(.text.GPIO_InitConfig) refers to stm32f10x_gpio.o(.text.GPIO_Init) for GPIO_Init
    main.o(.text.GPIO_InitConfig) refers to stm32f10x_gpio.o(.text.GPIO_ResetBits) for GPIO_ResetBits
    main.o(.ARM.exidx.text.GPIO_InitConfig) refers (Special) to _printf_d.o(.ARM.Collect$$_printf_percent$$00000009) for _printf_d
    main.o(.ARM.exidx.text.GPIO_InitConfig) refers (Special) to _printf_dec.o(.text) for _printf_int_dec
    main.o(.ARM.exidx.text.GPIO_InitConfig) refers (Special) to _printf_percent.o(.ARM.Collect$$_printf_percent$$00000000) for _printf_percent
    main.o(.ARM.exidx.text.GPIO_InitConfig) refers to main.o(.text.GPIO_InitConfig) for [Anonymous Symbol]
    main.o(.text.UART_InitConfig) refers (Special) to _printf_d.o(.ARM.Collect$$_printf_percent$$00000009) for _printf_d
    main.o(.text.UART_InitConfig) refers (Special) to _printf_dec.o(.text) for _printf_int_dec
    main.o(.text.UART_InitConfig) refers (Special) to _printf_percent.o(.ARM.Collect$$_printf_percent$$00000000) for _printf_percent
    main.o(.text.UART_InitConfig) refers to stm32f10x_rcc.o(.text.RCC_APB2PeriphClockCmd) for RCC_APB2PeriphClockCmd
    main.o(.text.UART_InitConfig) refers to stm32f10x_gpio.o(.text.GPIO_Init) for GPIO_Init
    main.o(.text.UART_InitConfig) refers to stm32f10x_usart.o(.text.USART_Init) for USART_Init
    main.o(.text.UART_InitConfig) refers to stm32f10x_usart.o(.text.USART_Cmd) for USART_Cmd
    main.o(.ARM.exidx.text.UART_InitConfig) refers (Special) to _printf_d.o(.ARM.Collect$$_printf_percent$$00000009) for _printf_d
    main.o(.ARM.exidx.text.UART_InitConfig) refers (Special) to _printf_dec.o(.text) for _printf_int_dec
    main.o(.ARM.exidx.text.UART_InitConfig) refers (Special) to _printf_percent.o(.ARM.Collect$$_printf_percent$$00000000) for _printf_percent
    main.o(.ARM.exidx.text.UART_InitConfig) refers to main.o(.text.UART_InitConfig) for [Anonymous Symbol]
    main.o(.text.Delay_us) refers (Special) to _printf_d.o(.ARM.Collect$$_printf_percent$$00000009) for _printf_d
    main.o(.text.Delay_us) refers (Special) to _printf_dec.o(.text) for _printf_int_dec
    main.o(.text.Delay_us) refers (Special) to _printf_percent.o(.ARM.Collect$$_printf_percent$$00000000) for _printf_percent
    main.o(.ARM.exidx.text.Delay_us) refers (Special) to _printf_d.o(.ARM.Collect$$_printf_percent$$00000009) for _printf_d
    main.o(.ARM.exidx.text.Delay_us) refers (Special) to _printf_dec.o(.text) for _printf_int_dec
    main.o(.ARM.exidx.text.Delay_us) refers (Special) to _printf_percent.o(.ARM.Collect$$_printf_percent$$00000000) for _printf_percent
    main.o(.ARM.exidx.text.Delay_us) refers to main.o(.text.Delay_us) for [Anonymous Symbol]
    main.o(.text.DHT11_SetOutput) refers (Special) to _printf_d.o(.ARM.Collect$$_printf_percent$$00000009) for _printf_d
    main.o(.text.DHT11_SetOutput) refers (Special) to _printf_dec.o(.text) for _printf_int_dec
    main.o(.text.DHT11_SetOutput) refers (Special) to _printf_percent.o(.ARM.Collect$$_printf_percent$$00000000) for _printf_percent
    main.o(.text.DHT11_SetOutput) refers to stm32f10x_gpio.o(.text.GPIO_Init) for GPIO_Init
    main.o(.ARM.exidx.text.DHT11_SetOutput) refers (Special) to _printf_d.o(.ARM.Collect$$_printf_percent$$00000009) for _printf_d
    main.o(.ARM.exidx.text.DHT11_SetOutput) refers (Special) to _printf_dec.o(.text) for _printf_int_dec
    main.o(.ARM.exidx.text.DHT11_SetOutput) refers (Special) to _printf_percent.o(.ARM.Collect$$_printf_percent$$00000000) for _printf_percent
    main.o(.ARM.exidx.text.DHT11_SetOutput) refers to main.o(.text.DHT11_SetOutput) for [Anonymous Symbol]
    main.o(.text.DHT11_SetInput) refers (Special) to _printf_d.o(.ARM.Collect$$_printf_percent$$00000009) for _printf_d
    main.o(.text.DHT11_SetInput) refers (Special) to _printf_dec.o(.text) for _printf_int_dec
    main.o(.text.DHT11_SetInput) refers (Special) to _printf_percent.o(.ARM.Collect$$_printf_percent$$00000000) for _printf_percent
    main.o(.text.DHT11_SetInput) refers to stm32f10x_gpio.o(.text.GPIO_Init) for GPIO_Init
[...]
    .ARM.Collect$$libshutdown$$00000004      0x08000170   Section        0  libshutdown2.o(.ARM.Collect$$libshutdown$$00000004)
    .ARM.Collect$$libshutdown$$00000007      0x08000170   Section        0  libshutdown2.o(.ARM.Collect$$libshutdown$$00000007)
    .ARM.Collect$$libshutdown$$0000000A      0x08000170   Section        0  libshutdown2.o(.ARM.Collect$$libshutdown$$0000000A)
    .ARM.Collect$$libshutdown$$0000000C      0x08000170   Section        0  libshutdown2.o(.ARM.Collect$$libshutdown$$0000000C)
    .ARM.Collect$$libshutdown$$0000000F      0x08000170   Section        0  libshutdown2.o(.ARM.Collect$$libshutdown$$0000000F)
    .ARM.Collect$$libshutdown$$00000010      0x08000170   Section        2  libshutdown2.o(.ARM.Collect$$libshutdown$$00000010)
    .ARM.Collect$$rtentry$$00000000          0x08000172   Section        0  __rtentry.o(.ARM.Collect$$rtentry$$00000000)
    .ARM.Collect$$rtentry$$00000002          0x08000172   Section        0  __rtentry2.o(.ARM.Collect$$rtentry$$00000002)
    .ARM.Collect$$rtentry$$00000004          0x08000172   Section        6  __rtentry4.o(.ARM.Collect$$rtentry$$00000004)
    .ARM.Collect$$rtentry$$00000008          0x08000178   Section        8  __rtentry2.o(.ARM.Collect$$rtentry$$00000008)
    .ARM.Collect$$rtentry$$0000000A          0x08000180   Section        4  __rtentry2.o(.ARM.Collect$$rtentry$$0000000A)
    .ARM.Collect$$rtentry$$0000000C          0x08000184   Section        0  __rtentry2.o(.ARM.Collect$$rtentry$$0000000C)
    .ARM.Collect$$rtentry$$0000000D          0x08000184   Section        8  __rtentry2.o(.ARM.Collect$$rtentry$$0000000D)
    .ARM.Collect$$rtexit$$00000000           0x0800018c   Section        2  rtexit.o(.ARM.Collect$$rtexit$$00000000)
    .ARM.Collect$$rtexit$$00000002           0x0800018e   Section        0  rtexit2.o(.ARM.Collect$$rtexit$$00000002)
    .ARM.Collect$$rtexit$$00000003           0x0800018e   Section        4  rtexit2.o(.ARM.Collect$$rtexit$$00000003)
    .ARM.Collect$$rtexit$$00000004           0x08000192   Section        6  rtexit2.o(.ARM.Collect$$rtexit$$00000004)
    .text                                    0x08000198   Section       64  startup_stm32f10x_md.o(.text)
    .text                                    0x080001d8   Section        0  noretval__2snprintf.o(.text)
    .text                                    0x0800020c   Section        0  __printf.o(.text)
    .text                                    0x08000274   Section        0  _printf_dec.o(.text)
    .text                                    0x080002ec   Section      138  rt_memcpy_v6.o(.text)
    .text                                    0x08000376   Section      100  rt_memcpy_w.o(.text)
    .text                                    0x080003da   Section       16  aeabi_memset4.o(.text)
    .text                                    0x080003ea   Section       68  rt_memclr.o(.text)
    .text                                    0x0800042e   Section       78  rt_memclr_w.o(.text)
    .text                                    0x0800047c   Section        0  heapauxi.o(.text)
    .text                                    0x08000482   Section        0  _printf_intcommon.o(.text)
    _printf_input_char                       0x08000535   Thumb Code    10  _printf_char_common.o(.text)
    .text                                    0x08000534   Section        0  _printf_char_common.o(.text)
    .text                                    0x08000564   Section        0  _sputc.o(.text)
    .text                                    0x0800056e   Section        0  _snputc.o(.text)
    .text                                    0x08000580   Section        8  libspace.o(.text)
    .text                                    0x08000588   Section       74  sys_stackheap_outer.o(.text)
    .text                                    0x080005d2   Section        0  exit.o(.text)
    .text                                    0x080005e4   Section        0  sys_exit.o(.text)
    .text                                    0x080005f0   Section        2  use_no_semi.o(.text)
    .text                                    0x080005f2   Section        0  indicate_semi.o(.text)
    [Anonymous Symbol]                       0x080005f4   Section        0  main.o(.text.DHT11_ReadByte)
    [Anonymous Symbol]                       0x0800064c   Section        0  main.o(.text.DHT11_ReadTemperature)
    [Anonymous Symbol]                       0x08000700   Section        0  main.o(.text.DHT11_SetInput)
    [Anonymous Symbol]                       0x08000724   Section        0  main.o(.text.DHT11_SetOutput)
    [Anonymous Symbol]                       0x08000744   Section        0  main.o(.text.Delay_us)
    [Anonymous Symbol]                       0x0800075c   Section        0  stm32f10x_gpio.o(.text.GPIO_Init)
    [Anonymous Symbol]                       0x0800080c   Section        0  main.o(.text.GPIO_InitConfig)
    [Anonymous Symbol]                       0x08000840   Section        0  stm32f10x_gpio.o(.text.GPIO_ReadInputDataBit)
    [Anonymous Symbol]                       0x0800084c   Section        0  stm32f10x_gpio.o(.text.GPIO_ResetBits)
    [Anonymous Symbol]                       0x08000850   Section        0  stm32f10x_gpio.o(.text.GPIO_SetBits)
    [Anonymous Symbol]                       0x08000860   Section        0  port.o(.text.PendSV_Handler)
    pxCurrentTCBConst                        0x080008a0   Number         0  port.o(.text.PendSV_Handler)
    [Anonymous Symbol]                       0x080008a4   Section        0  stm32f10x_rcc.o(.text.RCC_APB2PeriphClockCmd)
    [Anonymous Symbol]                       0x080008bc   Section        0  stm32f10x_rcc.o(.text.RCC_GetClocksFreq)
    [Anonymous Symbol]                       0x08000960   Section        0  port.o(.text.SVC_Handler)
    pxCurrentTCBConst2                       0x08000980   Number         0  port.o(.text.SVC_Handler)
    SetSysClock                              0x08000985   Thumb Code     8  system_stm32f10x.o(.text.SetSysClock)
    [Anonymous Symbol]                       0x08000984   Section        0  system_stm32f10x.o(.text.SetSysClock)
    SetSysClockTo72                          0x0800098d   Thumb Code   190  system_stm32f10x.o(.text.SetSysClockTo72)
    [Anonymous Symbol]                       0x0800098c   Section        0  system_stm32f10x.o(.text.SetSysClockTo72)
    [Anonymous Symbol]                       0x08000a4c   Section        0  cmsis_os2.o(.text.SysTick_Handler)
    [Anonymous Symbol]                       0x08000a68   Section        0  system_stm32f10x.o(.text.SystemInit)
    [Anonymous Symbol]                       0x08000ac0   Section        0  main.o(.text.Task_LEDControl)
    [Anonymous Symbol]                       0x08000b24   Section        0  main.o(.text.Task_ReadDHT11)
    [Anonymous Symbol]                       0x08000b6c   Section        0  main.o(.text.Task_UARTHandler)
    [Anonymous Symbol]                       0x08000bc4   Section        0  main.o(.text.UART_InitConfig)
    [Anonymous Symbol]                       0x08000c30   Section        0  main.o(.text.UART_SendString)
    [Anonymous Symbol]                       0x08000c80   Section        0  stm32f10x_usart.o(.text.USART_Cmd)
    [Anonymous Symbol]                       0x08000c94   Section        0  stm32f10x_usart.o(.text.USART_GetFlagStatus)
    [Anonymous Symbol]                       0x08000ca0   Section        0  stm32f10x_usart.o(.text.USART_Init)
    [Anonymous Symbol]                       0x08000d54   Section        0  stm32f10x_usart.o(.text.USART_SendData)
    __tagsym$$used.1                         0x08000d5c   Number         0  clib_arm.o(.text._mutex_acquire)
    [Anonymous Symbol]                       0x08000d5c   Section        0  clib_arm.o(.text._mutex_acquire)
    __tagsym$$used.3                         0x08000d7c   Number         0  clib_arm.o(.text._mutex_free)
    [Anonymous Symbol]                       0x08000d7c   Section        0  clib_arm.o(.text._mutex_free)
    __tagsym$$used.0                         0x08000db0   Number         0  clib_arm.o(.text._mutex_initialize)
    [Anonymous Symbol]                       0x08000db0   Section        0  clib_arm.o(.text._mutex_initialize)
    __tagsym$$used.2                         0x08000e08   Number         0  clib_arm.o(.text._mutex_release)
    [Anonymous Symbol]                       0x08000e08   Section        0  clib_arm.o(.text._mutex_release)
    [Anonymous Symbol]                       0x08000e2c   Section        0  clib_arm.o(.text._platform_post_stackheap_init)
    is_thread_mode                           0x08000e31   Thumb Code    12  clib_arm.o(.text.is_thread_mode)
    [Anonymous Symbol]                       0x08000e30   Section        0  clib_arm.o(.text.is_thread_mode)
    [Anonymous Symbol]                       0x08000e3c   Section        0  main.o(.text.main)
    os_kernel_is_active                      0x08000f01   Thumb Code    16  clib_arm.o(.text.os_kernel_is_active)
    [Anonymous Symbol]                       0x08000f00   Section        0  clib_arm.o(.text.os_kernel_is_active)
    prvAddCurrentTaskToDelayedList           0x08000f11   Thumb Code   164  tasks.o(.text.prvAddCurrentTaskToDelayedList)
    [Anonymous Symbol]                       0x08000f10   Section        0  tasks.o(.text.prvAddCurrentTaskToDelayedList)
    prvAddNewTaskToReadyList                 0x08000fb5   Thumb Code   204  tasks.o(.text.prvAddNewTaskToReadyList)
    [Anonymous Symbol]                       0x08000fb4   Section        0  tasks.o(.text.prvAddNewTaskToReadyList)
    prvCheckForValidListAndQueue             0x08001081   Thumb Code   106  timers.o(.text.prvCheckForValidListAndQueue)
    [Anonymous Symbol]                       0x08001080   Section        0  timers.o(.text.prvCheckForValidListAndQueue)
    prvCheckTasksWaitingTermination          0x080010ed   Thumb Code    78  tasks.o(.text.prvCheckTasksWaitingTermination)
    [Anonymous Symbol]                       0x080010ec   Section        0  tasks.o(.text.prvCheckTasksWaitingTermination)
    prvCopyDataFromQueue                     0x0800113d   Thumb Code    38  queue.o(.text.prvCopyDataFromQueue)
    [Anonymous Symbol]                       0x0800113c   Section        0  queue.o(.text.prvCopyDataFromQueue)
    prvCopyDataToQueue                       0x08001165   Thumb Code   122  queue.o(.text.prvCopyDataToQueue)
    [Anonymous Symbol]                       0x08001164   Section        0  queue.o(.text.prvCopyDataToQueue)
    prvDeleteTCB                             0x080011e1   Thumb Code    32  tasks.o(.text.prvDeleteTCB)
    [Anonymous Symbol]                       0x080011e0   Section        0  tasks.o(.text.prvDeleteTCB)
    prvGetDisinheritPriorityAfterTimeout     0x08001201   Thumb Code    18  queue.o(.text.prvGetDisinheritPriorityAfterTimeout)
    [Anonymous Symbol]                       0x08001200   Section        0  queue.o(.text.prvGetDisinheritPriorityAfterTimeout)
    prvGetNextExpireTime                     0x08001215   Thumb Code    32  timers.o(.text.prvGetNextExpireTime)
    [Anonymous Symbol]                       0x08001214   Section        0  timers.o(.text.prvGetNextExpireTime)
    prvHeapInit                              0x08001235   Thumb Code   106  heap_4.o(.text.prvHeapInit)
    [Anonymous Symbol]                       0x08001234   Section        0  heap_4.o(.text.prvHeapInit)
    prvIdleTask                              0x080012a1   Thumb Code    42  tasks.o(.text.prvIdleTask)
    [Anonymous Symbol]                       0x080012a0   Section        0  tasks.o(.text.prvIdleTask)
    prvInitialiseMutex                       0x080012cd   Thumb Code    32  queue.o(.text.prvInitialiseMutex)
    [Anonymous Symbol]                       0x080012cc   Section        0  queue.o(.text.prvInitialiseMutex)
    prvInitialiseNewQueue                    0x080012ed   Thumb Code    32  queue.o(.text.prvInitialiseNewQueue)
    [Anonymous Symbol]                       0x080012ec   Section        0  queue.o(.text.prvInitialiseNewQueue)
    prvInitialiseNewTask                     0x0800130d   Thumb Code   134  tasks.o(.text.prvInitialiseNewTask)
    [Anonymous Symbol]                       0x0800130c   Section        0  tasks.o(.text.prvInitialiseNewTask)
    prvInitialiseTaskLists                   0x08001395   Thumb Code   112  tasks.o(.text.prvInitialiseTaskLists)
    [Anonymous Symbol]                       0x08001394   Section        0  tasks.o(.text.prvInitialiseTaskLists)
    prvInsertBlockIntoFreeList               0x08001405   Thumb Code    98  heap_4.o(.text.prvInsertBlockIntoFreeList)
    [Anonymous Symbol]                       0x08001404   Section        0  heap_4.o(.text.prvInsertBlockIntoFreeList)
    prvInsertTimerInActiveList               0x08001469   Thumb Code    64  timers.o(.text.prvInsertTimerInActiveList)
    [Anonymous Symbol]                       0x08001468   Section        0  timers.o(.text.prvInsertTimerInActiveList)
    prvIsQueueEmpty                          0x080014a9   Thumb Code    24  queue.o(.text.prvIsQueueEmpty)
    [Anonymous Symbol]                       0x080014a8   Section        0  queue.o(.text.prvIsQueueEmpty)
    prvIsQueueFull                           0x080014c1   Thumb Code    28  queue.o(.text.prvIsQueueFull)
    [Anonymous Symbol]                       0x080014c0   Section        0  queue.o(.text.prvIsQueueFull)
    prvPortStartFirstTask                    0x080014dd   Thumb Code    32  port.o(.text.prvPortStartFirstTask)
    [Anonymous Symbol]                       0x080014dc   Section        0  port.o(.text.prvPortStartFirstTask)
    prvProcessExpiredTimer                   0x080014fd   Thumb Code    62  timers.o(.text.prvProcessExpiredTimer)
    [Anonymous Symbol]                       0x080014fc   Section        0  timers.o(.text.prvProcessExpiredTimer)
    prvProcessReceivedCommands               0x0800153d   Thumb Code   250  timers.o(.text.prvProcessReceivedCommands)
    [Anonymous Symbol]                       0x0800153c   Section        0  timers.o(.text.prvProcessReceivedCommands)
    prvProcessTimerOrBlockTask               0x08001639   Thumb Code   128  timers.o(.text.prvProcessTimerOrBlockTask)
    [Anonymous Symbol]                       0x08001638   Section        0  timers.o(.text.prvProcessTimerOrBlockTask)
    prvReloadTimer                           0x080016b9   Thumb Code    58  timers.o(.text.prvReloadTimer)
    [Anonymous Symbol]                       0x080016b8   Section        0  timers.o(.text.prvReloadTimer)
    prvResetNextTaskUnblockTime              0x080016f5   Thumb Code    38  tasks.o(.text.prvResetNextTaskUnblockTime)
    [Anonymous Symbol]                       0x080016f4   Section        0  tasks.o(.text.prvResetNextTaskUnblockTime)
    prvSampleTimeNow                         0x0800171d   Thumb Code    42  timers.o(.text.prvSampleTimeNow)
    [Anonymous Symbol]                       0x0800171c   Section        0  timers.o(.text.prvSampleTimeNow)
    prvSwitchTimerLists                      0x08001749   Thumb Code    52  timers.o(.text.prvSwitchTimerLists)
    [Anonymous Symbol]                       0x08001748   Section        0  timers.o(.text.prvSwitchTimerLists)
    prvTaskExitError                         0x0800177d   Thumb Code    34  port.o(.text.prvTaskExitError)
    [Anonymous Symbol]                       0x0800177c   Section        0  port.o(.text.prvTaskExitError)
    prvTimerTask                             0x080017a1   Thumb Code    22  timers.o(.text.prvTimerTask)
    [Anonymous Symbol]                       0x080017a0   Section        0  timers.o(.text.prvTimerTask)
    prvUnlockQueue                           0x080017b9   Thumb Code   114  queue.o(.text.prvUnlockQueue)
    [Anonymous Symbol]                       0x080017b8   Section        0  queue.o(.text.prvUnlockQueue)
    [Anonymous Symbol]                       0x0800182c   Section        0  heap_4.o(.text.pvPortMalloc)
    [Anonymous Symbol]                       0x08001910   Section        0  tasks.o(.text.pvTaskIncrementMutexHeldCount)
    [Anonymous Symbol]                       0x08001928   Section        0  port.o(.text.pxPortInitialiseStack)
    [Anonymous Symbol]                       0x08001948   Section        0  list.o(.text.uxListRemove)
    [Anonymous Symbol]                       0x08001970   Section        0  cmsis_os2.o(.text.vApplicationGetIdleTaskMemory)
    [Anonymous Symbol]                       0x0800198c   Section        0  cmsis_os2.o(.text.vApplicationGetTimerTaskMemory)
    [Anonymous Symbol]                       0x080019a8   Section        0  cmsis_os2.o(.text.vApplicationStackOverflowHook)
    [Anonymous Symbol]                       0x080019ac   Section        0  list.o(.text.vListInitialise)
    [Anonymous Symbol]                       0x080019c4   Section        0  list.o(.text.vListInitialiseItem)
    [Anonymous Symbol]                       0x080019cc   Section        0  list.o(.text.vListInsert)
    [Anonymous Symbol]                       0x08001a08   Section        0  port.o(.text.vPortEnterCritical)
    [Anonymous Symbol]                       0x08001a28   Section        0  port.o(.text.vPortExitCritical)
    [Anonymous Symbol]                       0x08001a44   Section        0  heap_4.o(.text.vPortFree)
    [Anonymous Symbol]                       0x08001a9c   Section        0  port.o(.text.vPortSetupTimerInterrupt)
    [Anonymous Symbol]                       0x08001ad0   Section        0  queue.o(.text.vQueueDelete)
    [Anonymous Symbol]                       0x08001ae0   Section        0  queue.o(.text.vQueueWaitForMessageRestricted)
    [Anonymous Symbol]                       0x08001b24   Section        0  tasks.o(.text.vTaskDelay)
    [Anonymous Symbol]                       0x08001b58   Section        0  tasks.o(.text.vTaskInternalSetTimeOutState)
    [Anonymous Symbol]                       0x08001b74   Section        0  tasks.o(.text.vTaskMissedYield)
    [Anonymous Symbol]                       0x08001b84   Section        0  tasks.o(.text.vTaskPlaceOnEventList)
    [Anonymous Symbol]                       0x08001ba4   Section        0  tasks.o(.text.vTaskPlaceOnEventListRestricted)
    [Anonymous Symbol]                       0x08001c00   Section        0  tasks.o(.text.vTaskPriorityDisinheritAfterTimeout)
    [Anonymous Symbol]                       0x08001c80   Section        0  tasks.o(.text.vTaskStartScheduler)
    [Anonymous Symbol]                       0x08001d18   Section        0  tasks.o(.text.vTaskSuspendAll)
    __tagsym$$used.0                         0x08001d28   Number         0  tasks.o(.text.vTaskSwitchContext)
    [Anonymous Symbol]                       0x08001d28   Section        0  tasks.o(.text.vTaskSwitchContext)
    [Anonymous Symbol]                       0x08001dd4   Section        0  port.o(.text.xPortStartScheduler)
    [Anonymous Symbol]                       0x08001e10   Section        0  port.o(.text.xPortSysTickHandler)
    [Anonymous Symbol]                       0x08001e40   Section        0  queue.o(.text.xQueueCreateMutex)
    [Anonymous Symbol]                       0x08001e58   Section        0  queue.o(.text.xQueueCreateMutexStatic)
    [Anonymous Symbol]                       0x08001e7c   Section        0  queue.o(.text.xQueueGenericCreate)
    [Anonymous Symbol]                       0x08001ec8   Section        0  queue.o(.text.xQueueGenericCreateStatic)
    [Anonymous Symbol]                       0x08001f04   Section        0  queue.o(.text.xQueueGenericReset)
    [Anonymous Symbol]                       0x08001f84   Section        0  queue.o(.text.xQueueGenericSend)
    [Anonymous Symbol]                       0x080020bc   Section        0  queue.o(.text.xQueueReceive)
    [Anonymous Symbol]                       0x080021e4   Section        0  queue.o(.text.xQueueSemaphoreTake)
    [Anonymous Symbol]                       0x08002348   Section        0  tasks.o(.text.xTaskCheckForTimeOut)
    [Anonymous Symbol]                       0x080023c4   Section        0  tasks.o(.text.xTaskCreate)
    [Anonymous Symbol]                       0x08002430   Section        0  tasks.o(.text.xTaskCreateStatic)
    [Anonymous Symbol]                       0x08002484   Section        0  tasks.o(.text.xTaskGetSchedulerState)
    [Anonymous Symbol]                       0x080024ac   Section        0  tasks.o(.text.xTaskGetTickCount)
    [Anonymous Symbol]                       0x080024b8   Section        0  tasks.o(.text.xTaskIncrementTick)
    [Anonymous Symbol]                       0x0800264c   Section        0  tasks.o(.text.xTaskPriorityDisinherit)
    [Anonymous Symbol]                       0x080026bc   Section        0  tasks.o(.text.xTaskPriorityInherit)
    [Anonymous Symbol]                       0x08002764   Section        0  tasks.o(.text.xTaskRemoveFromEventList)
    [Anonymous Symbol]                       0x08002844   Section        0  tasks.o(.text.xTaskResumeAll)
    [Anonymous Symbol]                       0x0800299c   Section        0  timers.o(.text.xTimerCreateTimerTask)
    ADCPrescTable                            0x08002a04   Data           4  stm32f10x_rcc.o(.rodata.ADCPrescTable)
    [Anonymous Symbol]                       0x08002a04   Section        0  stm32f10x_rcc.o(.rodata.ADCPrescTable)
    APBAHBPrescTable                         0x08002a08   Data          16  stm32f10x_rcc.o(.rodata.APBAHBPrescTable)
    [Anonymous Symbol]                       0x08002a08   Section        0  stm32f10x_rcc.o(.rodata.APBAHBPrescTable)
    uxCriticalNesting                        0x20000004   Data           4  port.o(.data.uxCriticalNesting)
    [Anonymous Symbol]                       0x20000004   Section        0  port.o(.data.uxCriticalNesting)
    .bss                                     0x20000008   Section       96  libspace.o(.bss)
    clib_mutex_cb                            0x20000068   Data         400  clib_arm.o(.bss.clib_mutex_cb)
    [Anonymous Symbol]                       0x20000068   Section        0  clib_arm.o(.bss.clib_mutex_cb)
    clib_mutex_id                            0x200001f8   Data          20  clib_arm.o(.bss.clib_mutex_id)
    [Anonymous Symbol]                       0x200001f8   Section        0  clib_arm.o(.bss.clib_mutex_id)
    prvCheckForValidListAndQueue.ucStaticTimerQueueStorage 0x2000020c   Data          80  timers.o(.bss.prvCheckForValidListAndQueue.ucStaticTimerQueueStorage)
    [Anonymous Symbol]                       0x2000020c   Section        0  timers.o(.bss.prvCheckForValidListAndQueue.ucStaticTimerQueueStorage)
    prvCheckForValidListAndQueue.xStaticTimerQueue 0x2000025c   Data          80  timers.o(.bss.prvCheckForValidListAndQueue.xStaticTimerQueue)
    [Anonymous Symbol]                       0x2000025c   Section        0  timers.o(.bss.prvCheckForValidListAndQueue.xStaticTimerQueue)
    prvSampleTimeNow.xLastTime               0x200002ac   Data           4  timers.o(.bss.prvSampleTimeNow.xLastTime)
    [Anonymous Symbol]                       0x200002ac   Section        0  timers.o(.bss.prvSampleTimeNow.xLastTime)
    __tagsym$$used.1                         0x200002b0   Number         0  tasks.o(.bss.pxCurrentTCB)
    pxCurrentTimerList                       0x200002b4   Data           4  timers.o(.bss.pxCurrentTimerList)
    [Anonymous Symbol]                       0x200002b4   Section        0  timers.o(.bss.pxCurrentTimerList)
    pxDelayedTaskList                        0x200002b8   Data           4  tasks.o(.bss.pxDelayedTaskList)
    [Anonymous Symbol]                       0x200002b8   Section        0  tasks.o(.bss.pxDelayedTaskList)
    pxEnd                                    0x200002bc   Data           4  heap_4.o(.bss.pxEnd)
    [Anonymous Symbol]                       0x200002bc   Section        0  heap_4.o(.bss.pxEnd)
    pxOverflowDelayedTaskList                0x200002c0   Data           4  tasks.o(.bss.pxOverflowDelayedTaskList)
    [Anonymous Symbol]                       0x200002c0   Section        0  tasks.o(.bss.pxOverflowDelayedTaskList)
    pxOverflowTimerList                      0x200002c4   Data           4  timers.o(.bss.pxOverflowTimerList)
    [Anonymous Symbol]                       0x200002c4   Section        0  timers.o(.bss.pxOverflowTimerList)
    pxReadyTasksLists                        0x200002c8   Data        1120  tasks.o(.bss.pxReadyTasksLists)
    [Anonymous Symbol]                       0x200002c8   Section        0  tasks.o(.bss.pxReadyTasksLists)
    ucHeap                                   0x20000728   Data        8192  heap_4.o(.bss.ucHeap)
    [Anonymous Symbol]                       0x20000728   Section        0  heap_4.o(.bss.ucHeap)
    uxCurrentNumberOfTasks                   0x20002728   Data           4  tasks.o(.bss.uxCurrentNumberOfTasks)
    [Anonymous Symbol]                       0x20002728   Section        0  tasks.o(.bss.uxCurrentNumberOfTasks)
    uxDeletedTasksWaitingCleanUp             0x2000272c   Data           4  tasks.o(.bss.uxDeletedTasksWaitingCleanUp)
    [Anonymous Symbol]                       0x2000272c   Section        0  tasks.o(.bss.uxDeletedTasksWaitingCleanUp)
    uxSchedulerSuspended                     0x20002730   Data           4  tasks.o(.bss.uxSchedulerSuspended)
    [Anonymous Symbol]                       0x20002730   Section        0  tasks.o(.bss.uxSchedulerSuspended)
    uxTaskNumber                             0x20002734   Data           4  tasks.o(.bss.uxTaskNumber)
    [Anonymous Symbol]                       0x20002734   Section        0  tasks.o(.bss.uxTaskNumber)
    uxTopReadyPriority                       0x20002738   Data           4  tasks.o(.bss.uxTopReadyPriority)
    [Anonymous Symbol]                       0x20002738   Section        0  tasks.o(.bss.uxTopReadyPriority)
    vApplicationGetIdleTaskMemory.Idle_Stack 0x2000273c   Data         512  cmsis_os2.o(.bss.vApplicationGetIdleTaskMemory.Idle_Stack)
    [Anonymous Symbol]                       0x2000273c   Section        0  cmsis_os2.o(.bss.vApplicationGetIdleTaskMemory.Idle_Stack)
    vApplicationGetIdleTaskMemory.Idle_TCB   0x2000293c   Data          92  cmsis_os2.o(.bss.vApplicationGetIdleTaskMemory.Idle_TCB)
    [Anonymous Symbol]                       0x2000293c   Section        0  cmsis_os2.o(.bss.vApplicationGetIdleTaskMemory.Idle_TCB)
    vApplicationGetTimerTaskMemory.Timer_Stack 0x20002998   Data         320  cmsis_os2.o(.bss.vApplicationGetTimerTaskMemory.Timer_Stack)
    [Anonymous Symbol]                       0x20002998   Section        0  cmsis_os2.o(.bss.vApplicationGetTimerTaskMemory.Timer_Stack)
    vApplicationGetTimerTaskMemory.Timer_TCB 0x20002ad8   Data          92  cmsis_os2.o(.bss.vApplicationGetTimerTaskMemory.Timer_TCB)
    [Anonymous Symbol]                       0x20002ad8   Section        0  cmsis_os2.o(.bss.vApplicationGetTimerTaskMemory.Timer_TCB)
    xActiveTimerList1                        0x20002b34   Data          20  timers.o(.bss.xActiveTimerList1)
    [Anonymous Symbol]                       0x20002b34   Section        0  timers.o(.bss.xActiveTimerList1)
    xActiveTimerList2                        0x20002b48   Data          20  timers.o(.bss.xActiveTimerList2)
    [Anonymous Symbol]                       0x20002b48   Section        0  timers.o(.bss.xActiveTimerList2)
    xDelayedTaskList1                        0x20002b5c   Data          20  tasks.o(.bss.xDelayedTaskList1)
    [Anonymous Symbol]                       0x20002b5c   Section        0  tasks.o(.bss.xDelayedTaskList1)
    xDelayedTaskList2                        0x20002b70   Data          20  tasks.o(.bss.xDelayedTaskList2)
    [Anonymous Symbol]                       0x20002b70   Section        0  tasks.o(.bss.xDelayedTaskList2)
    xFreeBytesRemaining                      0x20002b84   Data           4  heap_4.o(.bss.xFreeBytesRemaining)
    [Anonymous Symbol]                       0x20002b84   Section        0  heap_4.o(.bss.xFreeBytesRemaining)
    xIdleTaskHandle                          0x20002b88   Data           4  tasks.o(.bss.xIdleTaskHandle)
    [Anonymous Symbol]                       0x20002b88   Section        0  tasks.o(.bss.xIdleTaskHandle)
    xMinimumEverFreeBytesRemaining           0x20002b90   Data           4  heap_4.o(.bss.xMinimumEverFreeBytesRemaining)
    [Anonymous Symbol]                       0x20002b90   Section        0  heap_4.o(.bss.xMinimumEverFreeBytesRemaining)
    xNextTaskUnblockTime                     0x20002b94   Data           4  tasks.o(.bss.xNextTaskUnblockTime)
    [Anonymous Symbol]                       0x20002b94   Section        0  tasks.o(.bss.xNextTaskUnblockTime)
    xNumOfOverflows                          0x20002b98   Data           4  tasks.o(.bss.xNumOfOverflows)
    [Anonymous Symbol]                       0x20002b98   Section        0  tasks.o(.bss.xNumOfOverflows)
    xNumberOfSuccessfulAllocations           0x20002b9c   Data           4  heap_4.o(.bss.xNumberOfSuccessfulAllocations)
    [Anonymous Symbol]                       0x20002b9c   Section        0  heap_4.o(.bss.xNumberOfSuccessfulAllocations)
    xNumberOfSuccessfulFrees                 0x20002ba0   Data           4  heap_4.o(.bss.xNumberOfSuccessfulFrees)
    [Anonymous Symbol]                       0x20002ba0   Section        0  heap_4.o(.bss.xNumberOfSuccessfulFrees)
    xPendedTicks                             0x20002ba4   Data           4  tasks.o(.bss.xPendedTicks)
    [Anonymous Symbol]                       0x20002ba4   Section        0  tasks.o(.bss.xPendedTicks)
    xPendingReadyList                        0x20002ba8   Data          20  tasks.o(.bss.xPendingReadyList)
    [Anonymous Symbol]                       0x20002ba8   Section        0  tasks.o(.bss.xPendingReadyList)
    xSchedulerRunning                        0x20002bc4   Data           4  tasks.o(.bss.xSchedulerRunning)
    [Anonymous Symbol]                       0x20002bc4   Section        0  tasks.o(.bss.xSchedulerRunning)
    xStart                                   0x20002bc8   Data           8  heap_4.o(.bss.xStart)
    [Anonymous Symbol]                       0x20002bc8   Section        0  heap_4.o(.bss.xStart)
    xSuspendedTaskList                       0x20002bd0   Data          20  tasks.o(.bss.xSuspendedTaskList)
    [Anonymous Symbol]                       0x20002bd0   Section        0  tasks.o(.bss.xSuspendedTaskList)
    xTasksWaitingTermination                 0x20002be4   Data          20  tasks.o(.bss.xTasksWaitingTermination)
    [Anonymous Symbol]                       0x20002be4   Section        0  tasks.o(.bss.xTasksWaitingTermination)
    xTickCount                               0x20002bf8   Data           4  tasks.o(.bss.xTickCount)
    [Anonymous Symbol]                       0x20002bf8   Section        0  tasks.o(.bss.xTickCount)
    xTimerQueue                              0x20002bfc   Data           4  timers.o(.bss.xTimerQueue)
    [Anonymous Symbol]                       0x20002bfc   Section        0  timers.o(.bss.xTimerQueue)
    xTimerTaskHandle                         0x20002c00   Data           4  timers.o(.bss.xTimerTaskHandle)
    [Anonymous Symbol]                       0x20002c00   Section        0  timers.o(.bss.xTimerTaskHandle)
    xYieldPending                            0x20002c08   Data           4  tasks.o(.bss.xYieldPending)
    [Anonymous Symbol]                       0x20002c08   Section        0  tasks.o(.bss.xYieldPending)
    Heap_Mem                                 0x20002c10   Data         512  startup_stm32f10x_md.o(HEAP)
    HEAP                                     0x20002c10   Section      512  startup_stm32f10x_md.o(HEAP)
    Stack_Mem                                0x20002e10   Data        1024  startup_stm32f10x_md.o(STACK)
    STACK                                    0x20002e10   Section     1024  startup_stm32f10x_md.o(STACK)
    __initial_sp                             0x20003210   Data           0  startup_stm32f10x_md.o(STACK)

    Global Symbols

    Symbol Name                              Value     Ov Type        Size  Object(Section)

    BuildAttributes$$THM_ISAv4$P$D$K$B$S$PE$A:L22UL41UL21$X:L11$S22US41US21$IEEE1$IW$~IW$USESV6$~STKCKD$USESV7$~SHL$OTIME$ROPI$IEEEX$EBA8$UX$STANDARDLIB$REQ8$PRES8$EABIv2 0x00000000   Number         0  anon$$obj.o ABSOLUTE
    __fp_init_empty                          0x00000000   Number         0  fpinit_empty.o ABSOLUTE
    __ARM_exceptions_init                     - Undefined Weak Reference
    __alloca_initialize                       - Undefined Weak Reference
    __arm_preinit_                            - Undefined Weak Reference
    __cpp_initialize__aeabi_                  - Undefined Weak Reference
    __cxa_finalize                            - Undefined Weak Reference
    __rt_locale                               - Undefined Weak Reference
    __sigvec_lookup                           - Undefined Weak Reference
    _atexit_init                              - Undefined Weak Reference
    _call_atexit_fns                          - Undefined Weak Reference
    _clock_init                               - Undefined Weak Reference
    _fp_trap_init                             - Undefined Weak Reference
    _fp_trap_shutdown                         - Undefined Weak Reference
    _get_lc_collate                           - Undefined Weak Reference
    _get_lc_ctype                             - Undefined Weak Reference
    _get_lc_monetary                          - Undefined Weak Reference
    _get_lc_numeric                           - Undefined Weak Reference
    _get_lc_time                              - Undefined Weak Reference
    _getenv_init                              - Undefined Weak Reference
    _handle_redirection                       - Undefined Weak Reference
    _init_alloc                               - Undefined Weak Reference
    _init_user_alloc                          - Undefined Weak Reference
    _initio                                   - Undefined Weak Reference
    _printf_post_padding                      - Undefined Weak Reference
    _printf_pre_padding                       - Undefined Weak Reference
    _printf_truncate_signed                   - Undefined Weak Reference
    _printf_truncate_unsigned                 - Undefined Weak Reference
    _rand_init                                - Undefined Weak Reference
    _signal_finish                            - Undefined Weak Reference
    _signal_init                              - Undefined Weak Reference
    _terminate_alloc                          - Undefined Weak Reference
    _terminate_user_alloc                     - Undefined Weak Reference
    _terminateio                              - Undefined Weak Reference
    __Vectors_Size                           0x000000ec   Number         0  startup_stm32f10x_md.o ABSOLUTE
    __Vectors                                0x08000000   Data           4  startup_stm32f10x_md.o(RESET)
    __Vectors_End                            0x080000ec   Data           0  startup_stm32f10x_md.o(RESET)
    __main                                   0x080000ed   Thumb Code     8  __main.o(!!!main)
    __scatterload                            0x080000f5   Thumb Code     0  __scatter.o(!!!scatter)
    __scatterload_rt2                        0x080000f5   Thumb Code    44  __scatter.o(!!!scatter)
    __scatterload_rt2_thumb_only             0x080000f5   Thumb Code     0  __scatter.o(!!!scatter)
    __scatterload_null                       0x08000103   Thumb Code     0  __scatter.o(!!!scatter)
    __scatterload_copy                       0x08000129   Thumb Code    26  __scatter_copy.o(!!handler_copy)
    __scatterload_zeroinit                   0x08000145   Thumb Code    28  __scatter_zi.o(!!handler_zi)
    _printf_d                                0x08000161   Thumb Code     0  _printf_d.o(.ARM.Collect$$_printf_percent$$00000009)
    _printf_percent                          0x08000161   Thumb Code     0  _printf_percent.o(.ARM.Collect$$_printf_percent$$00000000)
    _printf_percent_end                      0x08000167   Thumb Code     0  _printf_percent_end.o(.ARM.Collect$$_printf_percent$$00000017)
    __rt_lib_init                            0x0800016b   Thumb Code     0  libinit.o(.ARM.Collect$$libinit$$00000000)
    __rt_lib_init_alloca_1                   0x0800016d   Thumb Code     0  libinit2.o(.ARM.Collect$$libinit$$0000002E)
    __rt_lib_init_argv_1                     0x0800016d   Thumb Code     0  libinit2.o(.ARM.Collect$$libinit$$0000002C)
    __rt_lib_init_atexit_1                   0x0800016d   Thumb Code     0  libinit2.o(.ARM.Collect$$libinit$$0000001B)
    __rt_lib_init_clock_1                    0x0800016d   Thumb Code     0  libinit2.o(.ARM.Collect$$libinit$$00000021)
    __rt_lib_init_cpp_1                      0x0800016d   Thumb Code     0  libinit2.o(.ARM.Collect$$libinit$$00000032)
    __rt_lib_init_exceptions_1               0x0800016d   Thumb Code     0  libinit2.o(.ARM.Collect$$libinit$$00000030)
    __rt_lib_init_fp_1                       0x0800016d   Thumb Code     0  libinit2.o(.ARM.Collect$$libinit$$00000002)
    __rt_lib_init_fp_trap_1                  0x0800016d   Thumb Code     0  libinit2.o(.ARM.Collect$$libinit$$0000001F)
    __rt_lib_init_getenv_1                   0x0800016d   Thumb Code     0  libinit2.o(.ARM.Collect$$libinit$$00000023)
    __rt_lib_init_heap_1                     0x0800016d   Thumb Code     0  libinit2.o(.ARM.Collect$$libinit$$0000000A)
    __rt_lib_init_lc_collate_1               0x0800016d   Thumb Code     0  libinit2.o(.ARM.Collect$$libinit$$00000011)
    __rt_lib_init_lc_ctype_1                 0x0800016d   Thumb Code     0  libinit2.o(.ARM.Collect$$libinit$$00000013)
    __rt_lib_init_lc_monetary_1              0x0800016d   Thumb Code     0  libinit2.o(.ARM.Collect$$libinit$$00000015)
    __rt_lib_init_lc_numeric_1               0x0800016d   Thumb Code     0  libinit2.o(.ARM.Collect$$libinit$$00000017)
    __rt_lib_init_lc_time_1                  0x0800016d   Thumb Code     0  libinit2.o(.ARM.Collect$$libinit$$00000019)
    __rt_lib_init_preinit_1                  0x0800016d   Thumb Code     0  libinit2.o(.ARM.Collect$$libinit$$00000004)
    __rt_lib_init_rand_1                     0x0800016d   Thumb Code     0  libinit2.o(.ARM.Collect$$libinit$$0000000E)
    __rt_lib_init_return                     0x0800016d   Thumb Code     0  libinit2.o(.ARM.Collect$$libinit$$00000033)
    __rt_lib_init_signal_1                   0x0800016d   Thumb Code     0  libinit2.o(.ARM.Collect$$libinit$$0000001D)
    __rt_lib_init_stdio_1                    0x0800016d   Thumb Code     0  libinit2.o(.ARM.Collect$$libinit$$00000025)
    __rt_lib_init_user_alloc_1               0x0800016d   Thumb Code     0  libinit2.o(.ARM.Collect$$libinit$$0000000C)
    __rt_lib_shutdown                        0x0800016f   Thumb Code     0  libshutdown.o(.ARM.Collect$$libshutdown$$00000000)
    __rt_lib_shutdown_cpp_1                  0x08000171   Thumb Code     0  libshutdown2.o(.ARM.Collect$$libshutdown$$00000002)
    __rt_lib_shutdown_fp_trap_1              0x08000171   Thumb Code     0  libshutdown2.o(.ARM.Collect$$libshutdown$$00000007)
    __rt_lib_shutdown_heap_1                 0x08000171   Thumb Code     0  libshutdown2.o(.ARM.Collect$$libshutdown$$0000000F)
    __rt_lib_shutdown_return                 0x08000171   Thumb Code     0  libshutdown2.o(.ARM.Collect$$libshutdown$$00000010)
    __rt_lib_shutdown_signal_1               0x08000171   Thumb Code     0  libshutdown2.o(.ARM.Collect$$libshutdown$$0000000A)
    __rt_lib_shutdown_stdio_1                0x08000171   Thumb Code     0  libshutdown2.o(.ARM.Collect$$libshutdown$$00000004)
    __rt_lib_shutdown_user_alloc_1           0x08000171   Thumb Code     0  libshutdown2.o(.ARM.Collect$$libshutdown$$0000000C)
    __rt_entry                               0x08000173   Thumb Code     0  __rtentry.o(.ARM.Collect$$rtentry$$00000000)
    __rt_entry_presh_1                       0x08000173   Thumb Code     0  __rtentry2.o(.ARM.Collect$$rtentry$$00000002)
    __rt_entry_sh                            0x08000173   Thumb Code     0  __rtentry4.o(.ARM.Collect$$rtentry$$00000004)
    __rt_entry_postsh_1                      0x08000179   Thumb Code     0  __rtentry2.o(.ARM.Collect$$rtentry$$00000008)
    __rt_entry_li                            0x08000181   Thumb Code     0  __rtentry2.o(.ARM.Collect$$rtentry$$0000000A)
    __rt_entry_main                          0x08000185   Thumb Code     0  __rtentry2.o(.ARM.Collect$$rtentry$$0000000D)
    __rt_entry_postli_1                      0x08000185   Thumb Code     0  __rtentry2.o(.ARM.Collect$$rtentry$$0000000C)
    __rt_exit                                0x0800018d   Thumb Code     0  rtexit.o(.ARM.Collect$$rtexit$$00000000)
    __rt_exit_ls                             0x0800018f   Thumb Code     0  rtexit2.o(.ARM.Collect$$rtexit$$00000003)
    __rt_exit_prels_1                        0x0800018f   Thumb Code     0  rtexit2.o(.ARM.Collect$$rtexit$$00000002)
    __rt_exit_exit                           0x08000193   Thumb Code     0  rtexit2.o(.ARM.Collect$$rtexit$$00000004)
    Reset_Handler                            0x08000199   Thumb Code     8  startup_stm32f10x_md.o(.text)
    NMI_Handler                              0x080001a1   Thumb Code     2  startup_stm32f10x_md.o(.text)
    HardFault_Handler                        0x080001a3   Thumb Code     2  startup_stm32f10x_md.o(.text)
    MemManage_Handler                        0x080001a5   Thumb Code     2  startup_stm32f10x_md.o(.text)
    BusFault_Handler                         0x080001a7   Thumb Code     2  startup_stm32f10x_md.o(.text)
    UsageFault_Handler                       0x080001a9   Thumb Code     2  startup_stm32f10x_md.o(.text)
    DebugMon_Handler                         0x080001ad   Thumb Code     2  startup_stm32f10x_md.o(.text)
    ADC1_2_IRQHandler                        0x080001b3   Thumb Code     0  startup_stm32f10x_md.o(.text)
    CAN1_RX1_IRQHandler                      0x080001b3   Thumb Code     0  startup_stm32f10x_md.o(.text)
    CAN1_SCE_IRQHandler                      0x080001b3   Thumb Code     0  startup_stm32f10x_md.o(.text)
    DMA1_Channel1_IRQHandler                 0x080001b3   Thumb Code     0  startup_stm32f10x_md.o(.text)
    DMA1_Channel2_IRQHandler                 0x080001b3   Thumb Code     0  startup_stm32f10x_md.o(.text)
    DMA1_Channel3_IRQHandler                 0x080001b3   Thumb Code     0  startup_stm32f10x_md.o(.text)
    DMA1_Channel4_IRQHandler                 0x080001b3   Thumb Code     0  startup_stm32f10x_md.o(.text)
    DMA1_Channel5_IRQHandler                 0x080001b3   Thumb Code     0  startup_stm32f10x_md.o(.text)
    DMA1_Channel6_IRQHandler                 0x080001b3   Thumb Code     0  startup_stm32f10x_md.o(.text)
    DMA1_Channel7_IRQHandler                 0x080001b3   Thumb Code     0  startup_stm32f10x_md.o(.text)
    EXTI0_IRQHandler                         0x080001b3   Thumb Code     0  startup_stm32f10x_md.o(.text)
    EXTI15_10_IRQHandler                     0x080001b3   Thumb Code     0  startup_stm32f10x_md.o(.text)
    EXTI1_IRQHandler                         0x080001b3   Thumb Code     0  startup_stm32f10x_md.o(.text)
    EXTI2_IRQHandler                         0x080001b3   Thumb Code     0  startup_stm32f10x_md.o(.text)
    EXTI3_IRQHandler                         0x080001b3   Thumb Code     0  startup_stm32f10x_md.o(.text)
    EXTI4_IRQHandler                         0x080001b3   Thumb Code     0  startup_stm32f10x_md.o(.text)
    EXTI9_5_IRQHandler                       0x080001b3   Thumb Code     0  startup_stm32f10x_md.o(.text)
    FLASH_IRQHandler                         0x080001b3   Thumb Code     0  startup_stm32f10x_md.o(.text)
    I2C1_ER_IRQHandler                       0x080001b3   Thumb Code     0  startup_stm32f10x_md.o(.text)
    I2C1_EV_IRQHandler                       0x080001b3   Thumb Code     0  startup_stm32f10x_md.o(.text)
    I2C2_ER_IRQHandler                       0x080001b3   Thumb Code     0  startup_stm32f10x_md.o(.text)
    I2C2_EV_IRQHandler                       0x080001b3   Thumb Code     0  startup_stm32f10x_md.o(.text)
    PVD_IRQHandler                           0x080001b3   Thumb Code     0  startup_stm32f10x_md.o(.text)
    RCC_IRQHandler                           0x080001b3   Thumb Code     0  startup_stm32f10x_md.o(.text)
    RTCAlarm_IRQHandler                      0x080001b3   Thumb Code     0  startup_stm32f10x_md.o(.text)
    RTC_IRQHandler                           0x080001b3   Thumb Code     0  startup_stm32f10x_md.o(.text)
    SPI1_IRQHandler                          0x080001b3   Thumb Code     0  startup_stm32f10x_md.o(.text)
    SPI2_IRQHandler                          0x080001b3   Thumb Code     0  startup_stm32f10x_md.o(.text)
    TAMPER_IRQHandler                        0x080001b3   Thumb Code     0  startup_stm32f10x_md.o(.text)
    TIM1_BRK_IRQHandler                      0x080001b3   Thumb Code     0  startup_stm32f10x_md.o(.text)
    TIM1_CC_IRQHandler                       0x080001b3   Thumb Code     0  startup_stm32f10x_md.o(.text)
    TIM1_TRG_COM_IRQHandler                  0x080001b3   Thumb Code     0  startup_stm32f10x_md.o(.text)
    TIM1_UP_IRQHandler                       0x080001b3   Thumb Code     0  startup_stm32f10x_md.o(.text)
    TIM2_IRQHandler                          0x080001b3   Thumb Code     0  startup_stm32f10x_md.o(.text)
    TIM3_IRQHandler                          0x080001b3   Thumb Code     0  startup_stm32f10x_md.o(.text)
    TIM4_IRQHandler                          0x080001b3   Thumb Code     0  startup_stm32f10x_md.o(.text)
    USART1_IRQHandler                        0x080001b3   Thumb Code     0  startup_stm32f10x_md.o(.text)
    USART2_IRQHandler                        0x080001b3   Thumb Code     0  startup_stm32f10x_md.o(.text)
    USART3_IRQHandler                        0x080001b3   Thumb Code     0  startup_stm32f10x_md.o(.text)
    USBWakeUp_IRQHandler                     0x080001b3   Thumb Code     0  startup_stm32f10x_md.o(.text)
    USB_HP_CAN1_TX_IRQHandler                0x080001b3   Thumb Code     0  startup_stm32f10x_md.o(.text)
    USB_LP_CAN1_RX0_IRQHandler               0x080001b3   Thumb Code     0  startup_stm32f10x_md.o(.text)
    WWDG_IRQHandler                          0x080001b3   Thumb Code     0  startup_stm32f10x_md.o(.text)
    __user_initial_stackheap                 0x080001b5   Thumb Code     0  startup_stm32f10x_md.o(.text)
    __2snprintf                              0x080001d9   Thumb Code    48  noretval__2snprintf.o(.text)
    __printf                                 0x0800020d   Thumb Code   104  __printf.o(.text)
    _printf_int_dec                          0x08000275   Thumb Code   104  _printf_dec.o(.text)
    __aeabi_memcpy                           0x080002ed   Thumb Code     0  rt_memcpy_v6.o(.text)
    __rt_memcpy                              0x080002ed   Thumb Code   138  rt_memcpy_v6.o(.text)
    _memcpy_lastbytes                        0x08000353   Thumb Code     0  rt_memcpy_v6.o(.text)
    __aeabi_memcpy4                          0x08000377   Thumb Code     0  rt_memcpy_w.o(.text)
    __aeabi_memcpy8                          0x08000377   Thumb Code     0  rt_memcpy_w.o(.text)
    __rt_memcpy_w                            0x08000377   Thumb Code   100  rt_memcpy_w.o(.text)
    _memcpy_lastbytes_aligned                0x080003bf   Thumb Code     0  rt_memcpy_w.o(.text)
    __aeabi_memset4                          0x080003db   Thumb Code    16  aeabi_memset4.o(.text)
    __aeabi_memset8                          0x080003db   Thumb Code     0  aeabi_memset4.o(.text)
    __aeabi_memclr                           0x080003eb   Thumb Code     0  rt_memclr.o(.text)
    __rt_memclr                              0x080003eb   Thumb Code    68  rt_memclr.o(.text)
    _memset                                  0x080003ef   Thumb Code     0  rt_memclr.o(.text)
    __aeabi_memclr4                          0x0800042f   Thumb Code     0  rt_memclr_w.o(.text)
    __aeabi_memclr8                          0x0800042f   Thumb Code     0  rt_memclr_w.o(.text)
    __rt_memclr_w                            0x0800042f   Thumb Code    78  rt_memclr_w.o(.text)
    _memset_w                                0x08000433   Thumb Code     0  rt_memclr_w.o(.text)
    __use_two_region_memory                  0x0800047d   Thumb Code     2  heapauxi.o(.text)
    __rt_heap_escrow$2region                 0x0800047f   Thumb Code     2  heapauxi.o(.text)
    __rt_heap_expand$2region                 0x08000481   Thumb Code     2  heapauxi.o(.text)
    _printf_int_common                       0x08000483   Thumb Code   178  _printf_intcommon.o(.text)
    _printf_char_common                      0x0800053f   Thumb Code    32  _printf_char_common.o(.text)
    _sputc                                   0x08000565   Thumb Code    10  _sputc.o(.text)
    _snputc                                  0x0800056f   Thumb Code    16  _snputc.o(.text)
    __user_libspace                          0x08000581   Thumb Code     8  libspace.o(.text)
    __user_perproc_libspace                  0x08000581   Thumb Code     0  libspace.o(.text)
    __user_setup_stackheap                   0x08000589   Thumb Code    74  sys_stackheap_outer.o(.text)
    exit                                     0x080005d3   Thumb Code    18  exit.o(.text)
    _sys_exit                                0x080005e5   Thumb Code     8  sys_exit.o(.text)
    __I$use$semihosting                      0x080005f1   Thumb Code     0  use_no_semi.o(.text)
    __use_no_semihosting_swi                 0x080005f1   Thumb Code     2  use_no_semi.o(.text)
    __semihosting_library_function           0x080005f3   Thumb Code     0  indicate_semi.o(.text)
    DHT11_ReadByte                           0x080005f5   Thumb Code    88  main.o(.text.DHT11_ReadByte)
    DHT11_ReadTemperature                    0x0800064d   Thumb Code   180  main.o(.text.DHT11_ReadTemperature)
    DHT11_SetInput                           0x08000701   Thumb Code    34  main.o(.text.DHT11_SetInput)
    DHT11_SetOutput                          0x08000725   Thumb Code    30  main.o(.text.DHT11_SetOutput)
    Delay_us                                 0x08000745   Thumb Code    24  main.o(.text.Delay_us)
    GPIO_Init                                0x0800075d   Thumb Code   176  stm32f10x_gpio.o(.text.GPIO_Init)
    GPIO_InitConfig                          0x0800080d   Thumb Code    52  main.o(.text.GPIO_InitConfig)
    GPIO_ReadInputDataBit                    0x08000841   Thumb Code    10  stm32f10x_gpio.o(.text.GPIO_ReadInputDataBit)
    GPIO_ResetBits                           0x0800084d   Thumb Code     4  stm32f10x_gpio.o(.text.GPIO_ResetBits)
    GPIO_SetBits                             0x08000851   Thumb Code     4  stm32f10x_gpio.o(.text.GPIO_SetBits)
    PendSV_Handler                           0x08000861   Thumb Code    68  port.o(.text.PendSV_Handler)
    RCC_APB2PeriphClockCmd                   0x080008a5   Thumb Code    24  stm32f10x_rcc.o(.text.RCC_APB2PeriphClockCmd)
    RCC_GetClocksFreq                        0x080008bd   Thumb Code   160  stm32f10x_rcc.o(.text.RCC_GetClocksFreq)
    SVC_Handler                              0x08000961   Thumb Code    36  port.o(.text.SVC_Handler)
    SysTick_Handler                          0x08000a4d   Thumb Code    26  cmsis_os2.o(.text.SysTick_Handler)
    SystemInit                               0x08000a69   Thumb Code    86  system_stm32f10x.o(.text.SystemInit)
    Task_LEDControl                          0x08000ac1   Thumb Code   100  main.o(.text.Task_LEDControl)
    Task_ReadDHT11                           0x08000b25   Thumb Code    72  main.o(.text.Task_ReadDHT11)
    Task_UARTHandler                         0x08000b6d   Thumb Code    88  main.o(.text.Task_UARTHandler)
    UART_InitConfig                          0x08000bc5   Thumb Code   108  main.o(.text.UART_InitConfig)
    UART_SendString                          0x08000c31   Thumb Code    78  main.o(.text.UART_SendString)
    USART_Cmd                                0x08000c81   Thumb Code    18  stm32f10x_usart.o(.text.USART_Cmd)
    USART_GetFlagStatus                      0x08000c95   Thumb Code    10  stm32f10x_usart.o(.text.USART_GetFlagStatus)
    USART_Init                               0x08000ca1   Thumb Code   178  stm32f10x_usart.o(.text.USART_Init)
    USART_SendData                           0x08000d55   Thumb Code     8  stm32f10x_usart.o(.text.USART_SendData)
    _mutex_acquire                           0x08000d5d   Thumb Code    32  clib_arm.o(.text._mutex_acquire)
    _mutex_free                              0x08000d7d   Thumb Code    50  clib_arm.o(.text._mutex_free)
    _mutex_initialize                        0x08000db1   Thumb Code    88  clib_arm.o(.text._mutex_initialize)
    _mutex_release                           0x08000e09   Thumb Code    34  clib_arm.o(.text._mutex_release)
    _platform_post_stackheap_init            0x08000e2d   Thumb Code     2  clib_arm.o(.text._platform_post_stackheap_init)
    main                                     0x08000e3d   Thumb Code   196  main.o(.text.main)
    pvPortMalloc                             0x0800182d   Thumb Code   226  heap_4.o(.text.pvPortMalloc)
    pvTaskIncrementMutexHeldCount            0x08001911   Thumb Code    24  tasks.o(.text.pvTaskIncrementMutexHeldCount)
    pxPortInitialiseStack                    0x08001929   Thumb Code    32  port.o(.text.pxPortInitialiseStack)
    uxListRemove                             0x08001949   Thumb Code    40  list.o(.text.uxListRemove)
    vApplicationGetIdleTaskMemory            0x08001971   Thumb Code    26  cmsis_os2.o(.text.vApplicationGetIdleTaskMemory)
    vApplicationGetTimerTaskMemory           0x0800198d   Thumb Code    26  cmsis_os2.o(.text.vApplicationGetTimerTaskMemory)
    vApplicationStackOverflowHook            0x080019a9   Thumb Code     2  cmsis_os2.o(.text.vApplicationStackOverflowHook)
    vListInitialise                          0x080019ad   Thumb Code    22  list.o(.text.vListInitialise)
    vListInitialiseItem                      0x080019c5   Thumb Code     6  list.o(.text.vListInitialiseItem)
    vListInsert                              0x080019cd   Thumb Code    58  list.o(.text.vListInsert)
    vPortEnterCritical                       0x08001a09   Thumb Code    32  port.o(.text.vPortEnterCritical)
    vPortExitCritical                        0x08001a29   Thumb Code    26  port.o(.text.vPortExitCritical)
    vPortFree                                0x08001a45   Thumb Code    86  heap_4.o(.text.vPortFree)
    vPortSetupTimerInterrupt                 0x08001a9d   Thumb Code    52  port.o(.text.vPortSetupTimerInterrupt)
    vQueueDelete                             0x08001ad1   Thumb Code    16  queue.o(.text.vQueueDelete)
    vQueueWaitForMessageRestricted           0x08001ae1   Thumb Code    68  queue.o(.text.vQueueWaitForMessageRestricted)
    vTaskDelay                               0x08001b25   Thumb Code    52  tasks.o(.text.vTaskDelay)
    vTaskInternalSetTimeOutState             0x08001b59   Thumb Code    26  tasks.o(.text.vTaskInternalSetTimeOutState)
    vTaskMissedYield                         0x08001b75   Thumb Code    14  tasks.o(.text.vTaskMissedYield)
    vTaskPlaceOnEventList                    0x08001b85   Thumb Code    30  tasks.o(.text.vTaskPlaceOnEventList)
    vTaskPlaceOnEventListRestricted          0x08001ba5   Thumb Code    90  tasks.o(.text.vTaskPlaceOnEventListRestricted)
    vTaskPriorityDisinheritAfterTimeout      0x08001c01   Thumb Code   128  tasks.o(.text.vTaskPriorityDisinheritAfterTimeout)
    vTaskStartScheduler                      0x08001c81   Thumb Code   152  tasks.o(.text.vTaskStartScheduler)
    vTaskSuspendAll                          0x08001d19   Thumb Code    16  tasks.o(.text.vTaskSuspendAll)
    vTaskSwitchContext                       0x08001d29   Thumb Code   170  tasks.o(.text.vTaskSwitchContext)
    xPortStartScheduler                      0x08001dd5   Thumb Code    58  port.o(.text.xPortStartScheduler)
    xPortSysTickHandler                      0x08001e11   Thumb Code    46  port.o(.text.xPortSysTickHandler)
    xQueueCreateMutex                        0x08001e41   Thumb Code    22  queue.o(.text.xQueueCreateMutex)
    xQueueCreateMutexStatic                  0x08001e59   Thumb Code    34  queue.o(.text.xQueueCreateMutexStatic)
    xQueueGenericCreate                      0x08001e7d   Thumb Code    76  queue.o(.text.xQueueGenericCreate)
    xQueueGenericCreateStatic                0x08001ec9   Thumb Code    58  queue.o(.text.xQueueGenericCreateStatic)
    xQueueGenericReset                       0x08001f05   Thumb Code   128  queue.o(.text.xQueueGenericReset)
    xQueueGenericSend                        0x08001f85   Thumb Code   310  queue.o(.text.xQueueGenericSend)
    xQueueReceive                            0x080020bd   Thumb Code   296  queue.o(.text.xQueueReceive)
    xQueueSemaphoreTake                      0x080021e5   Thumb Code   354  queue.o(.text.xQueueSemaphoreTake)
    xTaskCheckForTimeOut                     0x08002349   Thumb Code   124  tasks.o(.text.xTaskCheckForTimeOut)
    xTaskCreate                              0x080023c5   Thumb Code   108  tasks.o(.text.xTaskCreate)
    xTaskCreateStatic                        0x08002431   Thumb Code    82  tasks.o(.text.xTaskCreateStatic)
    xTaskGetSchedulerState                   0x08002485   Thumb Code    38  tasks.o(.text.xTaskGetSchedulerState)
    xTaskGetTickCount                        0x080024ad   Thumb Code    12  tasks.o(.text.xTaskGetTickCount)
    xTaskIncrementTick                       0x080024b9   Thumb Code   404  tasks.o(.text.xTaskIncrementTick)
    xTaskPriorityDisinherit                  0x0800264d   Thumb Code   112  tasks.o(.text.xTaskPriorityDisinherit)
    xTaskPriorityInherit                     0x080026bd   Thumb Code   166  tasks.o(.text.xTaskPriorityInherit)
    xTaskRemoveFromEventList                 0x08002765   Thumb Code   224  tasks.o(.text.xTaskRemoveFromEventList)
    xTaskResumeAll                           0x08002845   Thumb Code   344  tasks.o(.text.xTaskResumeAll)
    xTimerCreateTimerTask                    0x0800299d   Thumb Code   104  timers.o(.text.xTimerCreateTimerTask)
    uxTopUsedPriority                        0x08002a18   Data           4  tasks.o(.rodata.uxTopUsedPriority)
    Region$$Table$$Base                      0x08002a1c   Number         0  anon$$obj.o(Region$$Table)
    Region$$Table$$Limit                     0x08002a3c   Number         0  anon$$obj.o(Region$$Table)
    SystemCoreClock                          0x20000000   Data           4  system_stm32f10x.o(.data.SystemCoreClock)
    __libspace_start                         0x20000008   Data          96  libspace.o(.bss)
    __temporary_stack_top$libspace           0x20000068   Data           0  libspace.o(.bss)
    pxCurrentTCB                             0x200002b0   Data           4  tasks.o(.bss.pxCurrentTCB)
    xLEDSemaphore                            0x20002b8c   Data           4  main.o(.bss.xLEDSemaphore)
    xQueueLEDTemp                            0x20002bbc   Data           4  main.o(.bss.xQueueLEDTemp)
    xQueueTemp                               0x20002bc0   Data           4  main.o(.bss.xQueueTemp)
    xUARTSemaphore                           0x20002c04   Data           4  main.o(.bss.xUARTSemaphore)



==============================================================================

Memory Map of the image

  Image Entry point : 0x080000ed

  Load Region LR_IROM1 (Base: 0x08000000, Size: 0x00002a48, Max: 0x00010000, ABSOLUTE)

    Execution Region ER_IROM1 (Exec base: 0x08000000, Load base: 0x08000000, Size: 0x00002a3c, Max: 0x00010000, ABSOLUTE)

    Exec Addr    Load Addr    Size         Type   Attr      Idx    E Section Name        Object

    0x08000000   0x08000000   0x000000ec   Data   RO         2898    RESET               startup_stm32f10x_md.o
    0x080000ec   0x080000ec   0x00000008   Code   RO         3465  * !!!main             c_w.l(__main.o)
    0x080000f4   0x080000f4   0x00000034   Code   RO         3921    !!!scatter          c_w.l(__scatter.o)
    0x08000128   0x08000128   0x0000001a   Code   RO         3923    !!handler_copy      c_w.l(__scatter_copy.o)
    0x08000142   0x08000142   0x00000002   PAD
    0x08000144   0x08000144   0x0000001c   Code   RO         3925    !!handler_zi        c_w.l(__scatter_zi.o)
    0x08000160   0x08000160   0x00000000   Code   RO         3450    .ARM.Collect$$_printf_percent$$00000000  c_w.l(_printf_percent.o)
    0x08000160   0x08000160   0x00000006   Code   RO         3449    .ARM.Collect$$_printf_percent$$00000009  c_w.l(_printf_d.o)
    0x08000166   0x08000166   0x00000004   Code   RO         3644    .ARM.Collect$$_printf_percent$$00000017  c_w.l(_printf_percent_end.o)
    0x0800016a   0x0800016a   0x00000002   Code   RO         3784    .ARM.Collect$$libinit$$00000000  c_w.l(libinit.o)
    0x0800016c   0x0800016c   0x00000000   Code   RO         3796    .ARM.Collect$$libinit$$00000002  c_w.l(libinit2.o)
    0x0800016c   0x0800016c   0x00000000   Code   RO         3798    .ARM.Collect$$libinit$$00000004  c_w.l(libinit2.o)
    0x0800016c   0x0800016c   0x00000000   Code   RO         3801    .ARM.Collect$$libinit$$0000000A  c_w.l(libinit2.o)
    0x0800016c   0x0800016c   0x00000000   Code   RO         3803    .ARM.Collect$$libinit$$0000000C  c_w.l(libinit2.o)
    0x0800016c   0x0800016c   0x00000000   Code   RO         3805    .ARM.Collect$$libinit$$0000000E  c_w.l(libinit2.o)
    0x0800016c   0x0800016c   0x00000000   Code   RO         3808    .ARM.Collect$$libinit$$00000011  c_w.l(libinit2.o)
    0x0800016c   0x0800016c   0x00000000   Code   RO         3810    .ARM.Collect$$libinit$$00000013  c_w.l(libinit2.o)
    0x0800016c   0x0800016c   0x00000000   Code   RO         3812    .ARM.Collect$$libinit$$00000015  c_w.l(libinit2.o)
    0x0800016c   0x0800016c   0x00000000   Code   RO         3814    .ARM.Collect$$libinit$$00000017  c_w.l(libinit2.o)
    0x0800016c   0x0800016c   0x00000000   Code   RO         3816    .ARM.Collect$$libinit$$00000019  c_w.l(libinit2.o)
    0x0800016c   0x0800016c   0x00000000   Code   RO         3818    .ARM.Collect$$libinit$$0000001B  c_w.l(libinit2.o)
    0x0800016c   0x0800016c   0x00000000   Code   RO         3820    .ARM.Collect$$libinit$$0000001D  c_w.l(libinit2.o)
    0x0800016c   0x0800016c   0x00000000   Code   RO         3822    .ARM.Collect$$libinit$$0000001F  c_w.l(libinit2.o)
    0x0800016c   0x0800016c   0x00000000   Code   RO         3824    .ARM.Collect$$libinit$$00000021  c_w.l(libinit2.o)
    0x0800016c   0x0800016c   0x00000000   Code   RO         3826    .ARM.Collect$$libinit$$00000023  c_w.l(libinit2.o)
    0x0800016c   0x0800016c   0x00000000   Code   RO         3828    .ARM.Collect$$libinit$$00000025  c_w.l(libinit2.o)
    0x0800016c   0x0800016c   0x00000000   Code   RO         3832    .ARM.Collect$$libinit$$0000002C  c_w.l(libinit2.o)
    0x0800016c   0x0800016c   0x00000000   Code   RO         3834    .ARM.Collect$$libinit$$0000002E  c_w.l(libinit2.o)
    0x0800016c   0x0800016c   0x00000000   Code   RO         3836    .ARM.Collect$$libinit$$00000030  c_w.l(libinit2.o)
    0x0800016c   0x0800016c   0x00000000   Code   RO         3838    .ARM.Collect$$libinit$$00000032  c_w.l(libinit2.o)
    0x0800016c   0x0800016c   0x00000002   Code   RO         3839    .ARM.Collect$$libinit$$00000033  c_w.l(libinit2.o)
    0x0800016e   0x0800016e   0x00000002   Code   RO         3876    .ARM.Collect$$libshutdown$$00000000  c_w.l(libshutdown.o)
    0x08000170   0x08000170   0x00000000   Code   RO         3904    .ARM.Collect$$libshutdown$$00000002  c_w.l(libshutdown2.o)
    0x08000170   0x08000170   0x00000000   Code   RO         3906    .ARM.Collect$$libshutdown$$00000004  c_w.l(libshutdown2.o)
    0x08000170   0x08000170   0x00000000   Code   RO         3909    .ARM.Collect$$libshutdown$$00000007  c_w.l(libshutdown2.o)
    0x08000170   0x08000170   0x00000000   Code   RO         3912    .ARM.Collect$$libshutdown$$0000000A  c_w.l(libshutdown2.o)
    0x08000170   0x08000170   0x00000000   Code   RO         3914    .ARM.Collect$$libshutdown$$0000000C  c_w.l(libshutdown2.o)
    0x08000170   0x08000170   0x00000000   Code   RO         3917    .ARM.Collect$$libshutdown$$0000000F  c_w.l(libshutdown2.o)
    0x08000170   0x08000170   0x00000002   Code   RO         3918    .ARM.Collect$$libshutdown$$00000010  c_w.l(libshutdown2.o)
    0x08000172   0x08000172   0x00000000   Code   RO         3629    .ARM.Collect$$rtentry$$00000000  c_w.l(__rtentry.o)
    0x08000172   0x08000172   0x00000000   Code   RO         3737    .ARM.Collect$$rtentry$$00000002  c_w.l(__rtentry2.o)
    0x08000172   0x08000172   0x00000006   Code   RO         3749    .ARM.Collect$$rtentry$$00000004  c_w.l(__rtentry4.o)
    0x08000178   0x08000178   0x00000008   Code   RO         3738    .ARM.Collect$$rtentry$$00000008  c_w.l(__rtentry2.o)
    0x08000180   0x08000180   0x00000004   Code   RO         3740    .ARM.Collect$$rtentry$$0000000A  c_w.l(__rtentry2.o)
    0x08000184   0x08000184   0x00000000   Code   RO         3742    .ARM.Collect$$rtentry$$0000000C  c_w.l(__rtentry2.o)
    0x08000184   0x08000184   0x00000008   Code   RO         3743    .ARM.Collect$$rtentry$$0000000D  c_w.l(__rtentry2.o)
    0x0800018c   0x0800018c   0x00000002   Code   RO         3787    .ARM.Collect$$rtexit$$00000000  c_w.l(rtexit.o)
    0x0800018e   0x0800018e   0x00000000   Code   RO         3847    .ARM.Collect$$rtexit$$00000002  c_w.l(rtexit2.o)
    0x0800018e   0x0800018e   0x00000004   Code   RO         3848    .ARM.Collect$$rtexit$$00000003  c_w.l(rtexit2.o)
    0x08000192   0x08000192   0x00000006   Code   RO         3849    .ARM.Collect$$rtexit$$00000004  c_w.l(rtexit2.o)
    0x08000198   0x08000198   0x00000040   Code   RO         2899    .text               startup_stm32f10x_md.o
    0x080001d8   0x080001d8   0x00000034   Code   RO         3423    .text               c_w.l(noretval__2snprintf.o)
    0x0800020c   0x0800020c   0x00000068   Code   RO         3425    .text               c_w.l(__printf.o)
    0x08000274   0x08000274   0x00000078   Code   RO         3427    .text               c_w.l(_printf_dec.o)
    0x080002ec   0x080002ec   0x0000008a   Code   RO         3451    .text               c_w.l(rt_memcpy_v6.o)
    0x08000376   0x08000376   0x00000064   Code   RO         3453    .text               c_w.l(rt_memcpy_w.o)
    0x080003da   0x080003da   0x00000010   Code   RO         3457    .text               c_w.l(aeabi_memset4.o)
    0x080003ea   0x080003ea   0x00000044   Code   RO         3459    .text               c_w.l(rt_memclr.o)
    0x0800042e   0x0800042e   0x0000004e   Code   RO         3461    .text               c_w.l(rt_memclr_w.o)
    0x0800047c   0x0800047c   0x00000006   Code   RO         3463    .text               c_w.l(heapauxi.o)
    0x08000482   0x08000482   0x000000b2   Code   RO         3636    .text               c_w.l(_printf_intcommon.o)
    0x08000534   0x08000534   0x00000030   Code   RO         3638    .text               c_w.l(_printf_char_common.o)
    0x08000564   0x08000564   0x0000000a   Code   RO         3640    .text               c_w.l(_sputc.o)
    0x0800056e   0x0800056e   0x00000010   Code   RO         3642    .text               c_w.l(_snputc.o)
    0x0800057e   0x0800057e   0x00000002   PAD
    0x08000580   0x08000580   0x00000008   Code   RO         3770    .text               c_w.l(libspace.o)
    0x08000588   0x08000588   0x0000004a   Code   RO         3773    .text               c_w.l(sys_stackheap_outer.o)
    0x080005d2   0x080005d2   0x00000012   Code   RO         3775    .text               c_w.l(exit.o)
    0x080005e4   0x080005e4   0x0000000c   Code   RO         3842    .text               c_w.l(sys_exit.o)
    0x080005f0   0x080005f0   0x00000002   Code   RO         3865    .text               c_w.l(use_no_semi.o)
    0x080005f2   0x080005f2   0x00000000   Code   RO         3867    .text               c_w.l(indicate_semi.o)
    0x080005f2   0x080005f2   0x00000002   PAD
    0x080005f4   0x080005f4   0x00000058   Code   RO           12    .text.DHT11_ReadByte  main.o
    0x0800064c   0x0800064c   0x000000b4   Code   RO           14    .text.DHT11_ReadTemperature  main.o
    0x08000700   0x08000700   0x00000022   Code   RO           10    .text.DHT11_SetInput  main.o
    0x08000722   0x08000722   0x00000002   PAD
    0x08000724   0x08000724   0x0000001e   Code   RO            8    .text.DHT11_SetOutput  main.o
    0x08000742   0x08000742   0x00000002   PAD
    0x08000744   0x08000744   0x00000018   Code   RO            6    .text.Delay_us      main.o
    0x0800075c   0x0800075c   0x000000b0   Code   RO         2437    .text.GPIO_Init     stm32f10x_gpio.o
    0x0800080c   0x0800080c   0x00000034   Code   RO            2    .text.GPIO_InitConfig  main.o
    0x08000840   0x08000840   0x0000000a   Code   RO         2441    .text.GPIO_ReadInputDataBit  stm32f10x_gpio.o
    0x0800084a   0x0800084a   0x00000002   PAD
    0x0800084c   0x0800084c   0x00000004   Code   RO         2451    .text.GPIO_ResetBits  stm32f10x_gpio.o
    0x08000850   0x08000850   0x00000004   Code   RO         2449    .text.GPIO_SetBits  stm32f10x_gpio.o
    0x08000854   0x08000854   0x0000000c   PAD
    0x08000860   0x08000860   0x00000044   Code   RO         2999    .text.PendSV_Handler  port.o
    0x080008a4   0x080008a4   0x00000018   Code   RO         2595    .text.RCC_APB2PeriphClockCmd  stm32f10x_rcc.o
    0x080008bc   0x080008bc   0x000000a0   Code   RO         2591    .text.RCC_GetClocksFreq  stm32f10x_rcc.o
    0x0800095c   0x0800095c   0x00000004   PAD
    0x08000960   0x08000960   0x00000024   Code   RO         2985    .text.SVC_Handler   port.o
    0x08000984   0x08000984   0x00000008   Code   RO         2908    .text.SetSysClock   system_stm32f10x.o
    0x0800098c   0x0800098c   0x000000be   Code   RO         2912    .text.SetSysClockTo72  system_stm32f10x.o
    0x08000a4a   0x08000a4a   0x00000002   PAD
    0x08000a4c   0x08000a4c   0x0000001a   Code   RO         2181    .text.SysTick_Handler  cmsis_os2.o
    0x08000a66   0x08000a66   0x00000002   PAD
    0x08000a68   0x08000a68   0x00000056   Code   RO         2906    .text.SystemInit    system_stm32f10x.o
    0x08000abe   0x08000abe   0x00000002   PAD
    0x08000ac0   0x08000ac0   0x00000064   Code   RO           22    .text.Task_LEDControl  main.o
    0x08000b24   0x08000b24   0x00000048   Code   RO           18    .text.Task_ReadDHT11  main.o
    0x08000b6c   0x08000b6c   0x00000058   Code   RO           20    .text.Task_UARTHandler  main.o
    0x08000bc4   0x08000bc4   0x0000006c   Code   RO            4    .text.UART_InitConfig  main.o
    0x08000c30   0x08000c30   0x0000004e   Code   RO           16    .text.UART_SendString  main.o
    0x08000c7e   0x08000c7e   0x00000002   PAD
    0x08000c80   0x08000c80   0x00000012   Code   RO         2825    .text.USART_Cmd     stm32f10x_usart.o
    0x08000c92   0x08000c92   0x00000002   PAD
    0x08000c94   0x08000c94   0x0000000a   Code   RO         2865    .text.USART_GetFlagStatus  stm32f10x_usart.o
    0x08000c9e   0x08000c9e   0x00000002   PAD
    0x08000ca0   0x08000ca0   0x000000b2   Code   RO         2817    .text.USART_Init    stm32f10x_usart.o
    0x08000d52   0x08000d52   0x00000002   PAD
    0x08000d54   0x08000d54   0x00000008   Code   RO         2841    .text.USART_SendData  stm32f10x_usart.o
    0x08000d5c   0x08000d5c   0x00000020   Code   RO         2161    .text._mutex_acquire  clib_arm.o
    0x08000d7c   0x08000d7c   0x00000032   Code   RO         2167    .text._mutex_free   clib_arm.o
    0x08000dae   0x08000dae   0x00000002   PAD
    0x08000db0   0x08000db0   0x00000058   Code   RO         2159    .text._mutex_initialize  clib_arm.o
    0x08000e08   0x08000e08   0x00000022   Code   RO         2165    .text._mutex_release  clib_arm.o
    0x08000e2a   0x08000e2a   0x00000002   PAD
    0x08000e2c   0x08000e2c   0x00000002   Code   RO         2153    .text._platform_post_stackheap_init  clib_arm.o
    0x08000e2e   0x08000e2e   0x00000002   PAD
    0x08000e30   0x08000e30   0x0000000c   Code   RO         2163    .text.is_thread_mode  clib_arm.o
    0x08000e3c   0x08000e3c   0x000000c4   Code   RO           24    .text.main          main.o
    0x08000f00   0x08000f00   0x00000010   Code   RO         2157    .text.os_kernel_is_active  clib_arm.o
    0x08000f10   0x08000f10   0x000000a4   Code   RO         3203    .text.prvAddCurrentTaskToDelayedList  tasks.o
    0x08000fb4   0x08000fb4   0x000000cc   Code   RO         3189    .text.prvAddNewTaskToReadyList  tasks.o
    0x08001080   0x08001080   0x0000006a   Code   RO         3343    .text.prvCheckForValidListAndQueue  timers.o
    0x080010ea   0x080010ea   0x00000002   PAD
    0x080010ec   0x080010ec   0x0000004e   Code   RO         3309    .text.prvCheckTasksWaitingTermination  tasks.o
    0x0800113a   0x0800113a   0x00000002   PAD
    0x0800113c   0x0800113c   0x00000026   Code   RO         3087    .text.prvCopyDataFromQueue  queue.o
    0x08001162   0x08001162   0x00000002   PAD
    0x08001164   0x08001164   0x0000007a   Code   RO         3075    .text.prvCopyDataToQueue  queue.o
    0x080011de   0x080011de   0x00000002   PAD
    0x080011e0   0x080011e0   0x00000020   Code   RO         3197    .text.prvDeleteTCB  tasks.o
    0x08001200   0x08001200   0x00000012   Code   RO         3091    .text.prvGetDisinheritPriorityAfterTimeout  queue.o
    0x08001212   0x08001212   0x00000002   PAD
    0x08001214   0x08001214   0x00000020   Code   RO         3383    .text.prvGetNextExpireTime  timers.o
    0x08001234   0x08001234   0x0000006a   Code   RO         3014    .text.prvHeapInit   heap_4.o
    0x0800129e   0x0800129e   0x00000002   PAD
    0x080012a0   0x080012a0   0x0000002a   Code   RO         3229    .text.prvIdleTask   tasks.o
    0x080012ca   0x080012ca   0x00000002   PAD
    0x080012cc   0x080012cc   0x00000020   Code   RO         3055    .text.prvInitialiseMutex  queue.o
    0x080012ec   0x080012ec   0x00000020   Code   RO         3049    .text.prvInitialiseNewQueue  queue.o
    0x0800130c   0x0800130c   0x00000086   Code   RO         3187    .text.prvInitialiseNewTask  tasks.o
    0x08001392   0x08001392   0x00000002   PAD
    0x08001394   0x08001394   0x00000070   Code   RO         3307    .text.prvInitialiseTaskLists  tasks.o
    0x08001404   0x08001404   0x00000062   Code   RO         3016    .text.prvInsertBlockIntoFreeList  heap_4.o
    0x08001466   0x08001466   0x00000002   PAD
    0x08001468   0x08001468   0x00000040   Code   RO         3397    .text.prvInsertTimerInActiveList  timers.o
    0x080014a8   0x080014a8   0x00000018   Code   RO         3089    .text.prvIsQueueEmpty  queue.o
    0x080014c0   0x080014c0   0x0000001c   Code   RO         3077    .text.prvIsQueueFull  queue.o
    0x080014dc   0x080014dc   0x00000020   Code   RO         2991    .text.prvPortStartFirstTask  port.o
    0x080014fc   0x080014fc   0x0000003e   Code   RO         3391    .text.prvProcessExpiredTimer  timers.o
    0x0800153a   0x0800153a   0x00000002   PAD
    0x0800153c   0x0800153c   0x000000fa   Code   RO         3387    .text.prvProcessReceivedCommands  timers.o
    0x08001636   0x08001636   0x00000002   PAD
    0x08001638   0x08001638   0x00000080   Code   RO         3385    .text.prvProcessTimerOrBlockTask  timers.o
    0x080016b8   0x080016b8   0x0000003a   Code   RO         3395    .text.prvReloadTimer  timers.o
    0x080016f2   0x080016f2   0x00000002   PAD
    0x080016f4   0x080016f4   0x00000026   Code   RO         3195    .text.prvResetNextTaskUnblockTime  tasks.o
    0x0800171a   0x0800171a   0x00000002   PAD
    0x0800171c   0x0800171c   0x0000002a   Code   RO         3389    .text.prvSampleTimeNow  timers.o
    0x08001746   0x08001746   0x00000002   PAD
    0x08001748   0x08001748   0x00000034   Code   RO         3393    .text.prvSwitchTimerLists  timers.o
    0x0800177c   0x0800177c   0x00000022   Code   RO         2983    .text.prvTaskExitError  port.o
    0x0800179e   0x0800179e   0x00000002   PAD
    0x080017a0   0x080017a0   0x00000016   Code   RO         3345    .text.prvTimerTask  timers.o
    0x080017b6   0x080017b6   0x00000002   PAD
    0x080017b8   0x080017b8   0x00000072   Code   RO         3079    .text.prvUnlockQueue  queue.o
    0x0800182a   0x0800182a   0x00000002   PAD
    0x0800182c   0x0800182c   0x000000e2   Code   RO         3012    .text.pvPortMalloc  heap_4.o
    0x0800190e   0x0800190e   0x00000002   PAD
    0x08001910   0x08001910   0x00000018   Code   RO         3291    .text.pvTaskIncrementMutexHeldCount  tasks.o
    0x08001928   0x08001928   0x00000020   Code   RO         2981    .text.pxPortInitialiseStack  port.o
    0x08001948   0x08001948   0x00000028   Code   RO         2971    .text.uxListRemove  list.o
    0x08001970   0x08001970   0x0000001a   Code   RO         2339    .text.vApplicationGetIdleTaskMemory  cmsis_os2.o
    0x0800198a   0x0800198a   0x00000002   PAD
    0x0800198c   0x0800198c   0x0000001a   Code   RO         2341    .text.vApplicationGetTimerTaskMemory  cmsis_os2.o
    0x080019a6   0x080019a6   0x00000002   PAD
    0x080019a8   0x080019a8   0x00000002   Code   RO         2337    .text.vApplicationStackOverflowHook  cmsis_os2.o
    0x080019aa   0x080019aa   0x00000002   PAD
    0x080019ac   0x080019ac   0x00000016   Code   RO         2963    .text.vListInitialise  list.o
    0x080019c2   0x080019c2   0x00000002   PAD
    0x080019c4   0x080019c4   0x00000006   Code   RO         2965    .text.vListInitialiseItem  list.o
    0x080019ca   0x080019ca   0x00000002   PAD
    0x080019cc   0x080019cc   0x0000003a   Code   RO         2969    .text.vListInsert   list.o
    0x08001a06   0x08001a06   0x00000002   PAD
    0x08001a08   0x08001a08   0x00000020   Code   RO         2995    .text.vPortEnterCritical  port.o
    0x08001a28   0x08001a28   0x0000001a   Code   RO         2997    .text.vPortExitCritical  port.o
    0x08001a42   0x08001a42   0x00000002   PAD
    0x08001a44   0x08001a44   0x00000056   Code   RO         3018    .text.vPortFree     heap_4.o
    0x08001a9a   0x08001a9a   0x00000002   PAD
    0x08001a9c   0x08001a9c   0x00000034   Code   RO         2989    .text.vPortSetupTimerInterrupt  port.o
    0x08001ad0   0x08001ad0   0x00000010   Code   RO         3105    .text.vQueueDelete  queue.o
    0x08001ae0   0x08001ae0   0x00000044   Code   RO         3117    .text.vQueueWaitForMessageRestricted  queue.o
    0x08001b24   0x08001b24   0x00000034   Code   RO         3207    .text.vTaskDelay    tasks.o
    0x08001b58   0x08001b58   0x0000001a   Code   RO         3263    .text.vTaskInternalSetTimeOutState  tasks.o
    0x08001b72   0x08001b72   0x00000002   PAD
    0x08001b74   0x08001b74   0x0000000e   Code   RO         3267    .text.vTaskMissedYield  tasks.o
    0x08001b82   0x08001b82   0x00000002   PAD
    0x08001b84   0x08001b84   0x0000001e   Code   RO         3251    .text.vTaskPlaceOnEventList  tasks.o
    0x08001ba2   0x08001ba2   0x00000002   PAD
    0x08001ba4   0x08001ba4   0x0000005a   Code   RO         3255    .text.vTaskPlaceOnEventListRestricted  tasks.o
    0x08001bfe   0x08001bfe   0x00000002   PAD
    0x08001c00   0x08001c00   0x00000080   Code   RO         3287    .text.vTaskPriorityDisinheritAfterTimeout  tasks.o
    0x08001c80   0x08001c80   0x00000098   Code   RO         3227    .text.vTaskStartScheduler  tasks.o
    0x08001d18   0x08001d18   0x00000010   Code   RO         3201    .text.vTaskSuspendAll  tasks.o
    0x08001d28   0x08001d28   0x000000aa   Code   RO         3219    .text.vTaskSwitchContext  tasks.o
    0x08001dd2   0x08001dd2   0x00000002   PAD
    0x08001dd4   0x08001dd4   0x0000003a   Code   RO         2987    .text.xPortStartScheduler  port.o
    0x08001e0e   0x08001e0e   0x00000002   PAD
    0x08001e10   0x08001e10   0x0000002e   Code   RO         3001    .text.xPortSysTickHandler  port.o
    0x08001e3e   0x08001e3e   0x00000002   PAD
    0x08001e40   0x08001e40   0x00000016   Code   RO         3053    .text.xQueueCreateMutex  queue.o
    0x08001e56   0x08001e56   0x00000002   PAD
    0x08001e58   0x08001e58   0x00000022   Code   RO         3057    .text.xQueueCreateMutexStatic  queue.o
    0x08001e7a   0x08001e7a   0x00000002   PAD
    0x08001e7c   0x08001e7c   0x0000004c   Code   RO         3051    .text.xQueueGenericCreate  queue.o
    0x08001ec8   0x08001ec8   0x0000003a   Code   RO         3047    .text.xQueueGenericCreateStatic  queue.o
    0x08001f02   0x08001f02   0x00000002   PAD
    0x08001f04   0x08001f04   0x00000080   Code   RO         3045    .text.xQueueGenericReset  queue.o
    0x08001f84   0x08001f84   0x00000136   Code   RO         3065    .text.xQueueGenericSend  queue.o
    0x080020ba   0x080020ba   0x00000002   PAD
    0x080020bc   0x080020bc   0x00000128   Code   RO         3085    .text.xQueueReceive  queue.o
    0x080021e4   0x080021e4   0x00000162   Code   RO         3069    .text.xQueueSemaphoreTake  queue.o
    0x08002346   0x08002346   0x00000002   PAD
    0x08002348   0x08002348   0x0000007c   Code   RO         3265    .text.xTaskCheckForTimeOut  tasks.o
    0x080023c4   0x080023c4   0x0000006c   Code   RO         3191    .text.xTaskCreate   tasks.o
    0x08002430   0x08002430   0x00000052   Code   RO         3185    .text.xTaskCreateStatic  tasks.o
    0x08002482   0x08002482   0x00000002   PAD
    0x08002484   0x08002484   0x00000026   Code   RO         3281    .text.xTaskGetSchedulerState  tasks.o
    0x080024aa   0x080024aa   0x00000002   PAD
    0x080024ac   0x080024ac   0x0000000c   Code   RO         3235    .text.xTaskGetTickCount  tasks.o
    0x080024b8   0x080024b8   0x00000194   Code   RO         3233    .text.xTaskIncrementTick  tasks.o
    0x0800264c   0x0800264c   0x00000070   Code   RO         3285    .text.xTaskPriorityDisinherit  tasks.o
    0x080026bc   0x080026bc   0x000000a6   Code   RO         3283    .text.xTaskPriorityInherit  tasks.o
    0x08002762   0x08002762   0x00000002   PAD
    0x08002764   0x08002764   0x000000e0   Code   RO         3257    .text.xTaskRemoveFromEventList  tasks.o
    0x08002844   0x08002844   0x00000158   Code   RO         3205    .text.xTaskResumeAll  tasks.o
    0x0800299c   0x0800299c   0x00000068   Code   RO         3341    .text.xTimerCreateTimerTask  timers.o
    0x08002a04   0x08002a04   0x00000004   Data   RO         2616    .rodata.ADCPrescTable  stm32f10x_rcc.o
    0x08002a08   0x08002a08   0x00000010   Data   RO         2615    .rodata.APBAHBPrescTable  stm32f10x_rcc.o
    0x08002a18   0x08002a18   0x00000004   Data   RO         3312    .rodata.uxTopUsedPriority  tasks.o
    0x08002a1c   0x08002a1c   0x00000020   Data   RO         3920    Region$$Table       anon$$obj.o


    Execution Region RW_IRAM1 (Exec base: 0x20000000, Load base: 0x08002a40, Size: 0x00003210, Max: 0x00005000, ABSOLUTE)

    Exec Addr    Load Addr    Size         Type   Attr      Idx    E Section Name        Object

    0x20000000   0x08002a40   0x00000004   Data   RW         2914    .data.SystemCoreClock  system_stm32f10x.o
    0x20000004   0x08002a44   0x00000004   Data   RW         3003    .data.uxCriticalNesting  port.o
    0x20000008        -       0x00000060   Zero   RW         3771    .bss                c_w.l(libspace.o)
    0x20000068        -       0x00000190   Zero   RW         2172    .bss.clib_mutex_cb  clib_arm.o
    0x200001f8        -       0x00000014   Zero   RW         2171    .bss.clib_mutex_id  clib_arm.o
    0x2000020c        -       0x00000050   Zero   RW         3407    .bss.prvCheckForValidListAndQueue.ucStaticTimerQueueStorage  timers.o
    0x2000025c        -       0x00000050   Zero   RW         3406    .bss.prvCheckForValidListAndQueue.xStaticTimerQueue  timers.o
    0x200002ac        -       0x00000004   Zero   RW         3403    .bss.prvSampleTimeNow.xLastTime  timers.o
    0x200002b0        -       0x00000004   Zero   RW         3311    .bss.pxCurrentTCB   tasks.o
    0x200002b4        -       0x00000004   Zero   RW         3401    .bss.pxCurrentTimerList  timers.o
    0x200002b8        -       0x00000004   Zero   RW         3319    .bss.pxDelayedTaskList  tasks.o
    0x200002bc        -       0x00000004   Zero   RW         3030    .bss.pxEnd          heap_4.o
    0x200002c0        -       0x00000004   Zero   RW         3320    .bss.pxOverflowDelayedTaskList  tasks.o
    0x200002c4        -       0x00000004   Zero   RW         3402    .bss.pxOverflowTimerList  timers.o
    0x200002c8        -       0x00000460   Zero   RW         3322    .bss.pxReadyTasksLists  tasks.o
    0x20000728        -       0x00002000   Zero   RW         3036    .bss.ucHeap         heap_4.o
    0x20002728        -       0x00000004   Zero   RW         3316    .bss.uxCurrentNumberOfTasks  tasks.o
    0x2000272c        -       0x00000004   Zero   RW         3315    .bss.uxDeletedTasksWaitingCleanUp  tasks.o
    0x20002730        -       0x00000004   Zero   RW         3324    .bss.uxSchedulerSuspended  tasks.o
    0x20002734        -       0x00000004   Zero   RW         3313    .bss.uxTaskNumber   tasks.o
    0x20002738        -       0x00000004   Zero   RW         3323    .bss.uxTopReadyPriority  tasks.o
    0x2000273c        -       0x00000200   Zero   RW         2348    .bss.vApplicationGetIdleTaskMemory.Idle_Stack  cmsis_os2.o
    0x2000293c        -       0x0000005c   Zero   RW         2347    .bss.vApplicationGetIdleTaskMemory.Idle_TCB  cmsis_os2.o
    0x20002998        -       0x00000140   Zero   RW         2350    .bss.vApplicationGetTimerTaskMemory.Timer_Stack  cmsis_os2.o
    0x20002ad8        -       0x0000005c   Zero   RW         2349    .bss.vApplicationGetTimerTaskMemory.Timer_TCB  cmsis_os2.o
    0x20002b34        -       0x00000014   Zero   RW         3404    .bss.xActiveTimerList1  timers.o
    0x20002b48        -       0x00000014   Zero   RW         3405    .bss.xActiveTimerList2  timers.o
    0x20002b5c        -       0x00000014   Zero   RW         3331    .bss.xDelayedTaskList1  tasks.o
    0x20002b70        -       0x00000014   Zero   RW         3332    .bss.xDelayedTaskList2  tasks.o
    0x20002b84        -       0x00000004   Zero   RW         3031    .bss.xFreeBytesRemaining  heap_4.o
    0x20002b88        -       0x00000004   Zero   RW         3327    .bss.xIdleTaskHandle  tasks.o
    0x20002b8c        -       0x00000004   Zero   RW           29    .bss.xLEDSemaphore  main.o
    0x20002b90        -       0x00000004   Zero   RW         3033    .bss.xMinimumEverFreeBytesRemaining  heap_4.o
    0x20002b94        -       0x00000004   Zero   RW         3328    .bss.xNextTaskUnblockTime  tasks.o
    0x20002b98        -       0x00000004   Zero   RW         3330    .bss.xNumOfOverflows  tasks.o
    0x20002b9c        -       0x00000004   Zero   RW         3034    .bss.xNumberOfSuccessfulAllocations  heap_4.o
    0x20002ba0        -       0x00000004   Zero   RW         3035    .bss.xNumberOfSuccessfulFrees  heap_4.o
    0x20002ba4        -       0x00000004   Zero   RW         3329    .bss.xPendedTicks   tasks.o
    0x20002ba8        -       0x00000014   Zero   RW         3326    .bss.xPendingReadyList  tasks.o
    0x20002bbc        -       0x00000004   Zero   RW           28    .bss.xQueueLEDTemp  main.o
    0x20002bc0        -       0x00000004   Zero   RW           27    .bss.xQueueTemp     main.o
    0x20002bc4        -       0x00000004   Zero   RW         3317    .bss.xSchedulerRunning  tasks.o
    0x20002bc8        -       0x00000008   Zero   RW         3032    .bss.xStart         heap_4.o
    0x20002bd0        -       0x00000014   Zero   RW         3321    .bss.xSuspendedTaskList  tasks.o
    0x20002be4        -       0x00000014   Zero   RW         3314    .bss.xTasksWaitingTermination  tasks.o
    0x20002bf8        -       0x00000004   Zero   RW         3318    .bss.xTickCount     tasks.o
    0x20002bfc        -       0x00000004   Zero   RW         3399    .bss.xTimerQueue    timers.o
    0x20002c00        -       0x00000004   Zero   RW         3400    .bss.xTimerTaskHandle  timers.o
    0x20002c04        -       0x00000004   Zero   RW           26    .bss.xUARTSemaphore  main.o
    0x20002c08        -       0x00000004   Zero   RW         3325    .bss.xYieldPending  tasks.o
    0x20002c0c   0x08002a48   0x00000004   PAD
    0x20002c10        -       0x00000200   Zero   RW         2897    HEAP                startup_stm32f10x_md.o
    0x20002e10        -       0x00000400   Zero   RW         2896    STACK               startup_stm32f10x_md.o


==============================================================================

Image component sizes


      Code (inc. data)   RO Data    RW Data    ZI Data      Debug   Object Name

       234          0          0          0        420       3915   clib_arm.o
        80          0          0          0       1016      40950   cmsis_os2.o
       516          0          0          0       8220       4789   heap_4.o
       126          0          0          0          0       2267   list.o
      1050         56          0          0         16       4850   main.o
       416         12          0          4          0       2764   port.o
      1770          0          0          0          0      18810   queue.o
        64         26        236          0       1536        828   startup_stm32f10x_md.o
       194          0          0          0          0       5859   stm32f10x_gpio.o
       184          0         20          0          0       7675   stm32f10x_rcc.o
       214          0          0          0          0       7943   stm32f10x_usart.o
       284          0          0          4          0       2878   system_stm32f10x.o
      3120          8          4          0       1280      30499   tasks.o
       920         18          0          0        220      13233   timers.o

    ----------------------------------------------------------------------
      9296        120        292          8      12712     147260   Object Totals
         0          0         32          0          0          0   (incl. Generated)
       124          0          0          0          4          0   (incl. Padding)

    ----------------------------------------------------------------------

      Code (inc. data)   RO Data    RW Data    ZI Data      Debug   Library Member Name

         8          0          0          0          0         68   __main.o
       104          0          0          0          0         84   __printf.o
         0          0          0          0          0          0   __rtentry.o
        20          0          0          0          0          0   __rtentry2.o
         6          0          0          0          0          0   __rtentry4.o
        52          8          0          0          0          0   __scatter.o
        26          0          0          0          0          0   __scatter_copy.o
        28          0          0          0          0          0   __scatter_zi.o
        48          6          0          0          0         96   _printf_char_common.o
         6          0          0          0          0          0   _printf_d.o
       120         16          0          0          0         92   _printf_dec.o
       178          0          0          0          0         88   _printf_intcommon.o
         0          0          0          0          0          0   _printf_percent.o
         4          0          0          0          0          0   _printf_percent_end.o
        16          0          0          0          0         68   _snputc.o
        10          0          0          0          0         68   _sputc.o
        16          0          0          0          0         68   aeabi_memset4.o
        18          0          0          0          0         80   exit.o
         6          0          0          0          0        152   heapauxi.o
         0          0          0          0          0          0   indicate_semi.o
         2          0          0          0          0          0   libinit.o
         2          0          0          0          0          0   libinit2.o
         2          0          0          0          0          0   libshutdown.o
         2          0          0          0          0          0   libshutdown2.o
         8          4          0          0         96         68   libspace.o
        52          4          0          0          0         84   noretval__2snprintf.o
        68          0          0          0          0         68   rt_memclr.o
        78          0          0          0          0         80   rt_memclr_w.o
       138          0          0          0          0         68   rt_memcpy_v6.o
       100          0          0          0          0         80   rt_memcpy_w.o
         2          0          0          0          0          0   rtexit.o
        10          0          0          0          0          0   rtexit2.o
        12          4          0          0          0         68   sys_exit.o
        74          0          0          0          0         80   sys_stackheap_outer.o
         2          0          0          0          0         68   use_no_semi.o

    ----------------------------------------------------------------------
      1224         42          0          0         96       1528   Library Totals
         6          0          0          0          0          0   (incl. Padding)

    ----------------------------------------------------------------------

      Code (inc. data)   RO Data    RW Data    ZI Data      Debug   Library Name

      1218         42          0          0         96       1528   c_w.l

    ----------------------------------------------------------------------
      1224         42          0          0         96       1528   Library Totals

    ----------------------------------------------------------------------

==============================================================================


      Code (inc. data)   RO Data    RW Data    ZI Data      Debug   

     10520        162        292          8      12808     147864   Grand Totals
     10520        162        292          8      12808     147864   ELF Image Totals
     10520        162        292          8          0          0   ROM Totals

==============================================================================

    Total RO  Size (Code + RO Data)                10812 (  10.56kB)
    Total RW  Size (RW Data + ZI Data)             12816 (  12.52kB)
    Total ROM Size (Code + RO Data + RW Data)      10820 (  10.57kB)

==============================================================================

